// Jest Snapshot v1, https://goo.gl/fbAQLP

exports[`DLS Proposals - Card View renders correctly 1`] = `
<ContextProvider
  value={null}
>
  <DLSProposalsCardView
    clearData={[Function]}
    data={
      Array [
        Object {
          "ID": 1,
          "NAME": "Test 1",
          "TITLE": "Test 1",
          "VISIT_ID": "1",
        },
      ]
    }
    fetchCount={[Function]}
    fetchData={[Function]}
    filters={Object {}}
    loading={false}
    pushFilters={[Function]}
    pushPage={[Function]}
    pushResults={[Function]}
    pushSort={[Function]}
    query={
      Object {
        "page": null,
        "results": null,
        "search": null,
        "view": null,
      }
    }
    sort={Object {}}
    store={
      Object {
        "clearActions": [Function],
        "dispatch": [Function],
        "getActions": [Function],
        "getState": [Function],
        "replaceReducer": [Function],
        "subscribe": [Function],
      }
    }
    totalDataCount={1}
    view={null}
  />
</ContextProvider>
`;
