// Jest Snapshot v1, https://goo.gl/fbAQLP

exports[`Investigation - Card View renders correctly 1`] = `
Object {
  "buttons": Array [
    [Function],
  ],
  "customFilters": Array [
    Object {
      "dataKey": "type.id",
      "filterItems": Array [],
      "label": "investigations.type.id",
      "prefixLabel": true,
    },
    Object {
      "dataKey": "facility.id",
      "filterItems": Array [],
      "label": "investigations.facility.id",
      "prefixLabel": true,
    },
  ],
  "data": Array [
    Object {
      "doi": "doi 1",
      "id": 1,
      "name": "Test 1",
      "title": "Test 1",
      "visitId": "1",
    },
  ],
  "description": Object {
    "dataKey": "summary",
    "filterComponent": [Function],
    "label": "investigations.details.summary",
  },
  "filters": Object {},
  "information": Array [
    Object {
      "content": [Function],
      "dataKey": "doi",
      "filterComponent": [Function],
      "icon": Object {
        "$$typeof": Symbol(react.memo),
        "compare": null,
        "type": Object {
          "$$typeof": Symbol(react.forward_ref),
          "render": [Function],
        },
      },
      "label": "investigations.doi",
    },
    Object {
      "dataKey": "visitId",
      "filterComponent": [Function],
      "icon": Object {
        "$$typeof": Symbol(react.memo),
        "compare": null,
        "type": Object {
          "$$typeof": Symbol(react.forward_ref),
          "render": [Function],
        },
      },
      "label": "investigations.visit_id",
    },
    Object {
      "dataKey": "name",
      "disableSort": true,
      "filterComponent": [Function],
      "icon": Object {
        "$$typeof": Symbol(react.memo),
        "compare": null,
        "type": Object {
          "$$typeof": Symbol(react.forward_ref),
          "render": [Function],
        },
      },
      "label": "investigations.details.name",
    },
    Object {
      "content": [Function],
      "dataKey": "datasetCount",
      "disableSort": true,
      "icon": Object {
        "$$typeof": Symbol(react.memo),
        "compare": null,
        "type": Object {
          "$$typeof": Symbol(react.forward_ref),
          "render": [Function],
        },
      },
      "label": "investigations.dataset_count",
    },
    Object {
      "dataKey": "startDate",
      "filterComponent": [Function],
      "icon": Object {
        "$$typeof": Symbol(react.memo),
        "compare": null,
        "type": Object {
          "$$typeof": Symbol(react.forward_ref),
          "render": [Function],
        },
      },
      "label": "investigations.details.start_date",
    },
    Object {
      "dataKey": "endDate",
      "filterComponent": [Function],
      "icon": Object {
        "$$typeof": Symbol(react.memo),
        "compare": null,
        "type": Object {
          "$$typeof": Symbol(react.forward_ref),
          "render": [Function],
        },
      },
      "label": "investigations.details.end_date",
    },
  ],
  "loadedCount": true,
  "loadedData": true,
  "onFilter": [Function],
  "onPageChange": [Function],
  "onResultsChange": [Function],
  "onSort": [Function],
  "page": null,
  "results": null,
  "sort": Object {},
  "title": Object {
    "content": [Function],
    "dataKey": "title",
    "filterComponent": [Function],
    "label": "investigations.title",
  },
  "totalDataCount": 1,
}
`;
