// Jest Snapshot v1, https://goo.gl/fbAQLP

exports[`ISIS Investigations table component renders correctly 1`] = `
Object {
  "actions": Array [
    [Function],
  ],
  "allIds": Array [
    1,
  ],
  "columns": Array [
    Object {
      "cellContentRenderer": [Function],
      "dataKey": "title",
      "filterComponent": [Function],
      "icon": Object {
        "$$typeof": Symbol(react.memo),
        "compare": null,
        "type": Object {
          "$$typeof": Symbol(react.forward_ref),
          "render": [Function],
        },
      },
      "label": "investigations.title",
    },
    Object {
      "dataKey": "name",
      "filterComponent": [Function],
      "icon": Object {
        "$$typeof": Symbol(react.memo),
        "compare": null,
        "type": Object {
          "$$typeof": Symbol(react.forward_ref),
          "render": [Function],
        },
      },
      "label": "investigations.name",
    },
    Object {
      "cellContentRenderer": [Function],
      "dataKey": "studyInvestigations.study.pid",
      "filterComponent": [Function],
      "icon": Object {
        "$$typeof": Symbol(react.memo),
        "compare": null,
        "type": Object {
          "$$typeof": Symbol(react.forward_ref),
          "render": [Function],
        },
      },
      "label": "investigations.doi",
    },
    Object {
      "cellContentRenderer": [Function],
      "dataKey": "size",
      "disableSort": true,
      "icon": Object {
        "$$typeof": Symbol(react.memo),
        "compare": null,
        "type": Object {
          "$$typeof": Symbol(react.forward_ref),
          "render": [Function],
        },
      },
      "label": "investigations.size",
    },
    Object {
      "cellContentRenderer": [Function],
      "dataKey": "investigationUsers.user.fullName",
      "disableSort": true,
      "filterComponent": [Function],
      "icon": Object {
        "$$typeof": Symbol(react.memo),
        "compare": null,
        "type": Object {
          "$$typeof": Symbol(react.forward_ref),
          "render": [Function],
        },
      },
      "label": "investigations.principal_investigators",
    },
    Object {
      "dataKey": "startDate",
      "defaultSort": "desc",
      "filterComponent": [Function],
      "icon": Object {
        "$$typeof": Symbol(react.memo),
        "compare": null,
        "type": Object {
          "$$typeof": Symbol(react.forward_ref),
          "render": [Function],
        },
      },
      "label": "investigations.start_date",
    },
    Object {
      "dataKey": "endDate",
      "filterComponent": [Function],
      "icon": Object {
        "$$typeof": Symbol(react.memo),
        "compare": null,
        "type": Object {
          "$$typeof": Symbol(react.forward_ref),
          "render": [Function],
        },
      },
      "label": "investigations.end_date",
    },
  ],
  "data": Array [
    Object {
      "doi": "doi 1",
      "endDate": "2019-06-11",
      "id": 1,
      "investigationUsers": Array [
        Object {
          "id": 2,
          "role": "experimenter",
          "user": Object {
            "fullName": "Test experimenter",
            "id": 2,
            "name": "test",
          },
        },
        Object {
          "id": 3,
          "role": "principal_experimenter",
          "user": Object {
            "fullName": "Test PI",
            "id": 3,
            "name": "testpi",
          },
        },
      ],
      "name": "Test 1",
      "size": 1,
      "startDate": "2019-06-10",
      "studyInvestigations": Array [
        Object {
          "id": 6,
          "study": Object {
            "id": 7,
            "pid": "study pid",
          },
        },
      ],
      "summary": "foo bar",
      "title": "Test 1",
      "visitId": "1",
    },
  ],
  "detailsPanel": [Function],
  "disableSelectAll": false,
  "loadMoreRows": [Function],
  "loading": false,
  "onCheck": [MockFunction],
  "onSort": [Function],
  "onUncheck": [MockFunction],
  "selectedRows": Array [],
  "sort": Object {
    "startDate": "desc",
  },
  "totalRowCount": 0,
}
`;

exports[`ISIS Investigations table component renders title and DOI as links 1`] = `
Array [
  <a
    class="MuiTypography-root MuiTypography-inherit MuiLink-root MuiLink-underlineAlways css-1ps4owl-MuiTypography-root-MuiLink-root"
    data-testid="isis-investigations-table-title"
    href="/browse/instrument/4/facilityCycle/5/investigation/1"
  >
    Test 1
  </a>,
]
`;

exports[`ISIS Investigations table component renders title and DOI as links 2`] = `
Array [
  <a
    class="MuiTypography-root MuiTypography-inherit MuiLink-root MuiLink-underlineAlways css-1ps4owl-MuiTypography-root-MuiLink-root"
    data-testid="isis-investigations-table-doi-link"
    href="https://doi.org/study pid"
  >
    study pid
  </a>,
]
`;

exports[`ISIS Investigations table component renders title and DOI as links in StudyHierarchy 1`] = `
Array [
  <a
    class="MuiTypography-root MuiTypography-inherit MuiLink-root MuiLink-underlineAlways css-1ps4owl-MuiTypography-root-MuiLink-root"
    data-testid="isis-investigations-table-title"
    href="/browseStudyHierarchy/instrument/4/study/5/investigation/1"
  >
    Test 1
  </a>,
]
`;

exports[`ISIS Investigations table component renders title and DOI as links in StudyHierarchy 2`] = `
Array [
  <a
    class="MuiTypography-root MuiTypography-inherit MuiLink-root MuiLink-underlineAlways css-1ps4owl-MuiTypography-root-MuiLink-root"
    data-testid="isis-investigations-table-doi-link"
    href="https://doi.org/study pid"
  >
    study pid
  </a>,
]
`;
