// Jest Snapshot v1, https://goo.gl/fbAQLP

exports[`ISIS Facility Cycles - Card View renders correctly 1`] = `
Object {
  "data": Array [
    Object {
      "id": 1,
      "name": "Test 1",
    },
  ],
  "description": Object {
    "dataKey": "description",
    "filterComponent": [Function],
    "label": "facilitycycles.description",
  },
  "filters": Object {},
  "information": Array [
    Object {
      "dataKey": "startDate",
      "defaultSort": "desc",
      "filterComponent": [Function],
      "icon": Object {
        "$$typeof": Symbol(react.memo),
        "compare": null,
        "type": Object {
          "$$typeof": Symbol(react.forward_ref),
          "render": [Function],
        },
      },
      "label": "facilitycycles.start_date",
    },
    Object {
      "dataKey": "endDate",
      "filterComponent": [Function],
      "icon": Object {
        "$$typeof": Symbol(react.memo),
        "compare": null,
        "type": Object {
          "$$typeof": Symbol(react.forward_ref),
          "render": [Function],
        },
      },
      "label": "facilitycycles.end_date",
    },
  ],
  "loadedCount": true,
  "loadedData": true,
  "onFilter": [Function],
  "onPageChange": [Function],
  "onResultsChange": [Function],
  "onSort": [Function],
  "page": null,
  "results": null,
  "sort": Object {
    "startDate": "desc",
  },
  "title": Object {
    "content": [Function],
    "dataKey": "name",
    "filterComponent": [Function],
    "label": "facilitycycles.name",
  },
  "totalDataCount": 1,
}
`;
