// Jest Snapshot v1, https://goo.gl/fbAQLP

exports[`Download cart table component renders correctly 1`] = `
<div>
  <WithStyles(ForwardRef(Grid))
    container={true}
    direction="column"
  >
    <WithStyles(ForwardRef(Grid))
      item={true}
      xs={12}
    >
      <WithStyles(ForwardRef(LinearProgress))
        color="secondary"
      />
    </WithStyles(ForwardRef(Grid))>
    <WithStyles(ForwardRef(Grid))
      item={true}
    >
      <WithStyles(ForwardRef(Paper))
        className="tour-download-results"
        style={
          Object {
            "height": "calc(100vh - 64px - 30px - 48px - 48px - 3rem - (1.75 * 0.875rem + 12px)",
            "minHeight": 230,
            "overflowX": "auto",
          }
        }
      >
        <WithStyles(VirtualizedTable)
          actions={
            Array [
              [Function],
            ]
          }
          columns={
            Array [
              Object {
                "dataKey": "name",
                "filterComponent": [Function],
                "label": "downloadCart.name",
              },
              Object {
                "dataKey": "entityType",
                "filterComponent": [Function],
                "label": "downloadCart.type",
              },
              Object {
                "cellContentRenderer": [Function],
                "dataKey": "size",
                "label": "downloadCart.size",
              },
            ]
          }
          data={Array []}
          loading={true}
          onSort={[Function]}
          sort={Object {}}
        />
      </WithStyles(ForwardRef(Paper))>
    </WithStyles(ForwardRef(Grid))>
    <WithStyles(ForwardRef(Grid))
      alignItems="flex-end"
      container={true}
      direction="column"
      item={true}
      justify="space-between"
    >
      <WithStyles(ForwardRef(Grid))
        alignContent="flex-end"
        container={true}
        direction="column"
        item={true}
        style={
          Object {
            "marginRight": "1.2em",
          }
        }
        xs={true}
      >
        <WithStyles(ForwardRef(Typography))
          id="fileCountDisplay"
        >
          downloadCart.number_of_files
          :
           
          0
        </WithStyles(ForwardRef(Typography))>
        <WithStyles(ForwardRef(Typography))
          id="totalSizeDisplay"
        >
          downloadCart.total_size
          :
           
          0 B
        </WithStyles(ForwardRef(Typography))>
      </WithStyles(ForwardRef(Grid))>
      <WithStyles(ForwardRef(Grid))
        container={true}
        item={true}
        justify="flex-end"
        spacing={1}
        style={
          Object {
            "marginRight": "1em",
          }
        }
        xs={true}
      >
        <WithStyles(ForwardRef(Grid))
          item={true}
        >
          <WithStyles(ForwardRef(Button))
            className="tour-download-remove-button"
            color="primary"
            id="removeAllButton"
            onClick={[Function]}
            variant="contained"
          >
            downloadCart.remove_all
          </WithStyles(ForwardRef(Button))>
        </WithStyles(ForwardRef(Grid))>
        <WithStyles(ForwardRef(Grid))
          item={true}
        >
          <WithStyles(ForwardRef(Button))
            className="tour-download-download-button"
            color="primary"
            disabled={true}
            id="downloadCartButton"
            onClick={[Function]}
            variant="contained"
          >
            downloadCart.download
          </WithStyles(ForwardRef(Button))>
        </WithStyles(ForwardRef(Grid))>
      </WithStyles(ForwardRef(Grid))>
    </WithStyles(ForwardRef(Grid))>
  </WithStyles(ForwardRef(Grid))>
  <WithStyles(DownloadConfirmDialog)
    aria-labelledby="downloadCartConfirmation"
    clearCart={[Function]}
    isTwoLevel={false}
    open={false}
    redirectToStatusTab={[MockFunction]}
    setClose={[Function]}
    totalSize={0}
  />
</div>
`;
