// Jest Snapshot v1, https://goo.gl/fbAQLP

exports[`Investigation details panel component gracefully handles StudyInvestigations without Studies and InvestigationUsers without Users 1`] = `
<div
  id="details-panel"
  style={
    Object {
      "minWidth": 0,
    }
  }
>
  <WithStyles(ForwardRef(Tabs))
    aria-label="investigations.details.tabs_label"
    onChange={[Function]}
    scrollButtons="auto"
    value="details"
    variant="scrollable"
  >
    <WithStyles(ForwardRef(Tab))
      aria-controls="investigation-details-panel"
      id="investigation-details-tab"
      label="investigations.details.label"
      value="details"
    />
    <WithStyles(ForwardRef(Tab))
      aria-controls="investigation-users-panel"
      id="investigation-users-tab"
      label="investigations.details.users.label"
      value="users"
    />
    <WithStyles(ForwardRef(Tab))
      id="investigation-datasets-tab"
      label="investigations.details.datasets"
      onClick={[Function]}
    />
  </WithStyles(ForwardRef(Tabs))>
  <div
    aria-labelledby="investigation-details-tab"
    hidden={false}
    id="investigation-details-panel"
    role="tabpanel"
  >
    <WithStyles(ForwardRef(Grid))
      className="makeStyles-root-1"
      container={true}
      direction="column"
    >
      <WithStyles(ForwardRef(Grid))
        item={true}
        xs={true}
      >
        <WithStyles(ForwardRef(Typography))
          variant="h6"
        >
          <b>
            Test 1
          </b>
        </WithStyles(ForwardRef(Typography))>
        <WithStyles(ForwardRef(Divider))
          className="makeStyles-divider-2"
        />
      </WithStyles(ForwardRef(Grid))>
      <WithStyles(ForwardRef(Grid))
        item={true}
        xs={true}
      >
        <WithStyles(ForwardRef(Typography))
          variant="overline"
        >
          investigations.details.title
        </WithStyles(ForwardRef(Typography))>
        <WithStyles(ForwardRef(Typography))>
          <b>
            Test 1
          </b>
        </WithStyles(ForwardRef(Typography))>
      </WithStyles(ForwardRef(Grid))>
      <WithStyles(ForwardRef(Grid))
        item={true}
        xs={true}
      >
        <WithStyles(ForwardRef(Typography))
          variant="overline"
        >
          investigations.details.visit_id
        </WithStyles(ForwardRef(Typography))>
        <WithStyles(ForwardRef(Typography))>
          <b>
            1
          </b>
        </WithStyles(ForwardRef(Typography))>
      </WithStyles(ForwardRef(Grid))>
      <WithStyles(ForwardRef(Grid))
        item={true}
        xs={true}
      >
        <WithStyles(ForwardRef(Typography))
          variant="overline"
        >
          investigations.details.summary
        </WithStyles(ForwardRef(Typography))>
        <WithStyles(ForwardRef(Typography))>
          <b>
            foo bar
          </b>
        </WithStyles(ForwardRef(Typography))>
      </WithStyles(ForwardRef(Grid))>
      <WithStyles(ForwardRef(Grid))
        item={true}
        xs={true}
      >
        <WithStyles(ForwardRef(Typography))
          variant="overline"
        >
          investigations.details.doi
        </WithStyles(ForwardRef(Typography))>
        <WithStyles(ForwardRef(Typography))>
          <b>
            doi 1
          </b>
        </WithStyles(ForwardRef(Typography))>
      </WithStyles(ForwardRef(Grid))>
      <WithStyles(ForwardRef(Grid))
        item={true}
        xs={true}
      >
        <WithStyles(ForwardRef(Typography))
          variant="overline"
        >
          investigations.details.start_date
        </WithStyles(ForwardRef(Typography))>
        <WithStyles(ForwardRef(Typography))>
          <b>
            2019-06-10
          </b>
        </WithStyles(ForwardRef(Typography))>
      </WithStyles(ForwardRef(Grid))>
      <WithStyles(ForwardRef(Grid))
        item={true}
        xs={true}
      >
        <WithStyles(ForwardRef(Typography))
          variant="overline"
        >
          investigations.details.end_date
        </WithStyles(ForwardRef(Typography))>
        <WithStyles(ForwardRef(Typography))>
          <b>
            2019-06-11
          </b>
        </WithStyles(ForwardRef(Typography))>
      </WithStyles(ForwardRef(Grid))>
    </WithStyles(ForwardRef(Grid))>
  </div>
  <div
    aria-labelledby="investigation-users-tab"
    hidden={true}
    id="investigation-users-panel"
    role="tabpanel"
  >
    <WithStyles(ForwardRef(Grid))
      className="makeStyles-root-1"
      container={true}
      direction="column"
    />
  </div>
</div>
`;

exports[`Investigation details panel component renders correctly 1`] = `
<div
  id="details-panel"
  style={
    Object {
      "minWidth": 0,
    }
  }
>
  <WithStyles(ForwardRef(Tabs))
    aria-label="investigations.details.tabs_label"
    onChange={[Function]}
    scrollButtons="auto"
    value="details"
    variant="scrollable"
  >
    <WithStyles(ForwardRef(Tab))
      aria-controls="investigation-details-panel"
      id="investigation-details-tab"
      label="investigations.details.label"
      value="details"
    />
    <WithStyles(ForwardRef(Tab))
      id="investigation-datasets-tab"
      label="investigations.details.datasets"
      onClick={[Function]}
    />
  </WithStyles(ForwardRef(Tabs))>
  <div
    aria-labelledby="investigation-details-tab"
    hidden={false}
    id="investigation-details-panel"
    role="tabpanel"
  >
    <WithStyles(ForwardRef(Grid))
      className="makeStyles-root-1"
      container={true}
      direction="column"
    >
      <WithStyles(ForwardRef(Grid))
        item={true}
        xs={true}
      >
        <WithStyles(ForwardRef(Typography))
          variant="h6"
        >
          <b>
            Test 1
          </b>
        </WithStyles(ForwardRef(Typography))>
        <WithStyles(ForwardRef(Divider))
          className="makeStyles-divider-2"
        />
      </WithStyles(ForwardRef(Grid))>
      <WithStyles(ForwardRef(Grid))
        item={true}
        xs={true}
      >
        <WithStyles(ForwardRef(Typography))
          variant="overline"
        >
          investigations.details.title
        </WithStyles(ForwardRef(Typography))>
        <WithStyles(ForwardRef(Typography))>
          <b>
            Test 1
          </b>
        </WithStyles(ForwardRef(Typography))>
      </WithStyles(ForwardRef(Grid))>
      <WithStyles(ForwardRef(Grid))
        item={true}
        xs={true}
      >
        <WithStyles(ForwardRef(Typography))
          variant="overline"
        >
          investigations.details.visit_id
        </WithStyles(ForwardRef(Typography))>
        <WithStyles(ForwardRef(Typography))>
          <b>
            1
          </b>
        </WithStyles(ForwardRef(Typography))>
      </WithStyles(ForwardRef(Grid))>
      <WithStyles(ForwardRef(Grid))
        item={true}
        xs={true}
      >
        <WithStyles(ForwardRef(Typography))
          variant="overline"
        >
          investigations.details.summary
        </WithStyles(ForwardRef(Typography))>
        <WithStyles(ForwardRef(Typography))>
          <b>
            foo bar
          </b>
        </WithStyles(ForwardRef(Typography))>
      </WithStyles(ForwardRef(Grid))>
      <WithStyles(ForwardRef(Grid))
        item={true}
        key="11"
        xs={true}
      >
        <WithStyles(ForwardRef(Typography))
          variant="overline"
        >
          investigations.details.pid
        </WithStyles(ForwardRef(Typography))>
        <WithStyles(ForwardRef(Typography))>
          <WithStyles(ForwardRef(Link))
            href="https://doi.org/study pid"
          >
            study pid
          </WithStyles(ForwardRef(Link))>
        </WithStyles(ForwardRef(Typography))>
      </WithStyles(ForwardRef(Grid))>
      <WithStyles(ForwardRef(Grid))
        item={true}
        xs={true}
      >
        <WithStyles(ForwardRef(Typography))
          variant="overline"
        >
          investigations.details.doi
        </WithStyles(ForwardRef(Typography))>
        <WithStyles(ForwardRef(Typography))>
          <b>
            doi 1
          </b>
        </WithStyles(ForwardRef(Typography))>
      </WithStyles(ForwardRef(Grid))>
      <WithStyles(ForwardRef(Grid))
        item={true}
        xs={true}
      >
        <WithStyles(ForwardRef(Typography))
          variant="overline"
        >
          investigations.details.start_date
        </WithStyles(ForwardRef(Typography))>
        <WithStyles(ForwardRef(Typography))>
          <b>
            2019-06-10
          </b>
        </WithStyles(ForwardRef(Typography))>
      </WithStyles(ForwardRef(Grid))>
      <WithStyles(ForwardRef(Grid))
        item={true}
        xs={true}
      >
        <WithStyles(ForwardRef(Typography))
          variant="overline"
        >
          investigations.details.end_date
        </WithStyles(ForwardRef(Typography))>
        <WithStyles(ForwardRef(Typography))>
          <b>
            2019-06-11
          </b>
        </WithStyles(ForwardRef(Typography))>
      </WithStyles(ForwardRef(Grid))>
    </WithStyles(ForwardRef(Grid))>
  </div>
</div>
`;

exports[`Investigation details panel component renders user, sample and publication tabs when present in the data 1`] = `
<div
  id="details-panel"
  style={
    Object {
      "minWidth": 0,
    }
  }
>
  <WithStyles(ForwardRef(Tabs))
    aria-label="investigations.details.tabs_label"
    onChange={[Function]}
    scrollButtons="auto"
    value="details"
    variant="scrollable"
  >
    <WithStyles(ForwardRef(Tab))
      aria-controls="investigation-details-panel"
      id="investigation-details-tab"
      label="investigations.details.label"
      value="details"
    />
    <WithStyles(ForwardRef(Tab))
      aria-controls="investigation-users-panel"
      id="investigation-users-tab"
      label="investigations.details.users.label"
      value="users"
    />
    <WithStyles(ForwardRef(Tab))
      aria-controls="investigation-samples-panel"
      id="investigation-samples-tab"
      label="investigations.details.samples.label"
      value="samples"
    />
    <WithStyles(ForwardRef(Tab))
      aria-controls="investigation-publications-panel"
      id="investigation-publications-tab"
      label="investigations.details.publications.label"
      value="publications"
    />
    <WithStyles(ForwardRef(Tab))
      id="investigation-datasets-tab"
      label="investigations.details.datasets"
      onClick={[Function]}
    />
  </WithStyles(ForwardRef(Tabs))>
  <div
    aria-labelledby="investigation-details-tab"
    hidden={false}
    id="investigation-details-panel"
    role="tabpanel"
  >
    <WithStyles(ForwardRef(Grid))
      className="makeStyles-root-1"
      container={true}
      direction="column"
    >
      <WithStyles(ForwardRef(Grid))
        item={true}
        xs={true}
      >
        <WithStyles(ForwardRef(Typography))
          variant="h6"
        >
          <b>
            Test 1
          </b>
        </WithStyles(ForwardRef(Typography))>
        <WithStyles(ForwardRef(Divider))
          className="makeStyles-divider-2"
        />
      </WithStyles(ForwardRef(Grid))>
      <WithStyles(ForwardRef(Grid))
        item={true}
        xs={true}
      >
        <WithStyles(ForwardRef(Typography))
          variant="overline"
        >
          investigations.details.title
        </WithStyles(ForwardRef(Typography))>
        <WithStyles(ForwardRef(Typography))>
          <b>
            Test 1
          </b>
        </WithStyles(ForwardRef(Typography))>
      </WithStyles(ForwardRef(Grid))>
      <WithStyles(ForwardRef(Grid))
        item={true}
        xs={true}
      >
        <WithStyles(ForwardRef(Typography))
          variant="overline"
        >
          investigations.details.visit_id
        </WithStyles(ForwardRef(Typography))>
        <WithStyles(ForwardRef(Typography))>
          <b>
            1
          </b>
        </WithStyles(ForwardRef(Typography))>
      </WithStyles(ForwardRef(Grid))>
      <WithStyles(ForwardRef(Grid))
        item={true}
        xs={true}
      >
        <WithStyles(ForwardRef(Typography))
          variant="overline"
        >
          investigations.details.summary
        </WithStyles(ForwardRef(Typography))>
        <WithStyles(ForwardRef(Typography))>
          <b>
            foo bar
          </b>
        </WithStyles(ForwardRef(Typography))>
      </WithStyles(ForwardRef(Grid))>
      <WithStyles(ForwardRef(Grid))
        item={true}
        key="11"
        xs={true}
      >
        <WithStyles(ForwardRef(Typography))
          variant="overline"
        >
          investigations.details.pid
        </WithStyles(ForwardRef(Typography))>
        <WithStyles(ForwardRef(Typography))>
          <WithStyles(ForwardRef(Link))
            href="https://doi.org/study pid"
          >
            study pid
          </WithStyles(ForwardRef(Link))>
        </WithStyles(ForwardRef(Typography))>
      </WithStyles(ForwardRef(Grid))>
      <WithStyles(ForwardRef(Grid))
        item={true}
        xs={true}
      >
        <WithStyles(ForwardRef(Typography))
          variant="overline"
        >
          investigations.details.doi
        </WithStyles(ForwardRef(Typography))>
        <WithStyles(ForwardRef(Typography))>
          <b>
            doi 1
          </b>
        </WithStyles(ForwardRef(Typography))>
      </WithStyles(ForwardRef(Grid))>
      <WithStyles(ForwardRef(Grid))
        item={true}
        xs={true}
      >
        <WithStyles(ForwardRef(Typography))
          variant="overline"
        >
          investigations.details.start_date
        </WithStyles(ForwardRef(Typography))>
        <WithStyles(ForwardRef(Typography))>
          <b>
            2019-06-10
          </b>
        </WithStyles(ForwardRef(Typography))>
      </WithStyles(ForwardRef(Grid))>
      <WithStyles(ForwardRef(Grid))
        item={true}
        xs={true}
      >
        <WithStyles(ForwardRef(Typography))
          variant="overline"
        >
          investigations.details.end_date
        </WithStyles(ForwardRef(Typography))>
        <WithStyles(ForwardRef(Typography))>
          <b>
            2019-06-11
          </b>
        </WithStyles(ForwardRef(Typography))>
      </WithStyles(ForwardRef(Grid))>
    </WithStyles(ForwardRef(Grid))>
  </div>
  <div
    aria-labelledby="investigation-users-tab"
    hidden={true}
    id="investigation-users-panel"
    role="tabpanel"
  >
    <WithStyles(ForwardRef(Grid))
      className="makeStyles-root-1"
      container={true}
      direction="column"
    >
      <WithStyles(ForwardRef(Grid))
        item={true}
        key="5"
        xs={true}
      >
        <WithStyles(ForwardRef(Typography))
          variant="overline"
        >
          investigations.details.users.name
        </WithStyles(ForwardRef(Typography))>
        <WithStyles(ForwardRef(Typography))>
          <b>
            Louise Davies
          </b>
        </WithStyles(ForwardRef(Typography))>
      </WithStyles(ForwardRef(Grid))>
      <WithStyles(ForwardRef(Grid))
        item={true}
        key="10"
        xs={true}
      >
        <WithStyles(ForwardRef(Typography))
          variant="overline"
        >
          investigations.details.users.name
        </WithStyles(ForwardRef(Typography))>
        <WithStyles(ForwardRef(Typography))>
          <b>
            Louise
          </b>
        </WithStyles(ForwardRef(Typography))>
      </WithStyles(ForwardRef(Grid))>
    </WithStyles(ForwardRef(Grid))>
  </div>
  <div
    aria-labelledby="investigation-samples-tab"
    hidden={true}
    id="investigation-samples-panel"
    role="tabpanel"
  >
    <WithStyles(ForwardRef(Grid))
      className="makeStyles-root-1"
      container={true}
      direction="column"
    >
      <WithStyles(ForwardRef(Grid))
        item={true}
        key="7"
        xs={true}
      >
        <WithStyles(ForwardRef(Typography))
          variant="overline"
        >
          investigations.details.samples.name
        </WithStyles(ForwardRef(Typography))>
        <WithStyles(ForwardRef(Typography))>
          <b>
            Test sample
          </b>
        </WithStyles(ForwardRef(Typography))>
      </WithStyles(ForwardRef(Grid))>
    </WithStyles(ForwardRef(Grid))>
  </div>
  <div
    aria-labelledby="investigation-publications-tab"
    hidden={true}
    id="investigation-publications-panel"
    role="tabpanel"
  >
    <WithStyles(ForwardRef(Grid))
      className="makeStyles-root-1"
      container={true}
      direction="column"
    >
      <WithStyles(ForwardRef(Grid))
        item={true}
        key="8"
        xs={true}
      >
        <WithStyles(ForwardRef(Typography))
          variant="overline"
        >
          investigations.details.publications.reference
        </WithStyles(ForwardRef(Typography))>
        <WithStyles(ForwardRef(Typography))>
          <b>
            Test publication
          </b>
        </WithStyles(ForwardRef(Typography))>
      </WithStyles(ForwardRef(Grid))>
    </WithStyles(ForwardRef(Grid))>
  </div>
</div>
`;
