// Jest Snapshot v1, https://goo.gl/fbAQLP

exports[`PageContainer - Tests displays the correct entity count 1`] = `
<div
  className="MuiPaper-root MuiPaper-elevation0"
  style={
    Object {
      "backgroundColor": "inherit",
    }
  }
>
  <NavBar
    cartItems={Array []}
    entityCount={101}
    navigateToDownload={[Function]}
    navigateToSearch={[Function]}
  />
  <WithStyles(WithStyles(ForwardRef(Grid)))
    container={true}
  >
    <WithStyles(ForwardRef(Grid))
      item={true}
      xs={12}
    >
      <Route
        exact={true}
        path={
          Array [
            "/browse/investigation",
            "/browse/investigation/:investigationId/dataset",
            "/browse/instrument",
            "/browse/instrument/:instrumentId/facilityCycle",
            "/browse/instrument/:instrumentId/facilityCycle/:facilityCycleId/investigation",
            "/browse/instrument/:instrumentId/facilityCycle/:facilityCycleId/investigation/:investigationId/dataset",
            "/browse/proposal",
            "/browse/proposal/:proposalName/investigation",
            "/browse/proposal/:proposalName/investigation/:investigationId/dataset",
            "/browseStudyHierarchy/instrument",
            "/browseStudyHierarchy/instrument/:instrumentId/study",
            "/browseStudyHierarchy/instrument/:instrumentId/study/:studyId/investigation",
            "/browseStudyHierarchy/instrument/:instrumentId/study/:studyId/investigation/:investigationId/dataset",
          ]
        }
        render={[Function]}
      />
    </WithStyles(ForwardRef(Grid))>
    <WithStyles(ForwardRef(Grid))
      aria-label="container-view"
      item={true}
      xs={12}
    />
  </WithStyles(WithStyles(ForwardRef(Grid)))>
</div>
`;
