// Jest Snapshot v1, https://goo.gl/fbAQLP

exports[`ISIS Dataset Landing page renders correctly 1`] = `
<ContextProvider
  value={null}
>
  <LandingPage
    data={
      Array [
        Object {
          "complete": true,
          "createTime": "2019-06-10",
          "description": "foo bar",
          "doi": "doi 1",
          "endDate": "2019-06-11",
          "id": 87,
          "modTime": "2019-06-10",
          "name": "Test 1",
          "size": 1,
          "startDate": "2019-06-10",
        },
      ]
    }
    datasetId="87"
    fetchData={[Function]}
    fetchDetails={[Function]}
    instrumentChildId="5"
    instrumentId="4"
    investigationId="1"
    store={
      Object {
        "clearActions": [Function],
        "dispatch": [Function],
        "getActions": [Function],
        "getState": [Function],
        "replaceReducer": [Function],
        "subscribe": [Function],
      }
    }
    studyHierarchy={false}
    view={null}
    viewDatafiles={[Function]}
  />
</ContextProvider>
`;
