// Jest Snapshot v1, https://goo.gl/fbAQLP

exports[`Datafile search table component renders correctly 1`] = `
<WithStyles(VirtualizedTable)
  allIds={
    Array [
      1,
    ]
  }
  columns={
    Array [
      Object {
        "dataKey": "name",
        "filterComponent": [Function],
        "label": "datafiles.name",
      },
      Object {
        "dataKey": "location",
        "filterComponent": [Function],
        "label": "datafiles.location",
      },
      Object {
        "cellContentRenderer": [Function],
        "dataKey": "fileSize",
        "label": "datafiles.size",
      },
      Object {
        "dataKey": "modTime",
        "filterComponent": [Function],
        "label": "datafiles.modified_time",
      },
    ]
  }
  data={
    Array [
      Object {
        "dataset": 1,
        "fileSize": 1,
        "id": 1,
        "location": "/test1",
        "modTime": "2019-07-23",
        "name": "Test 1",
      },
    ]
  }
  detailsPanel={[Function]}
  loadMoreRows={[Function]}
  loading={false}
  onCheck={[Function]}
  onSort={[Function]}
  onUncheck={[Function]}
  selectedRows={Array []}
  sort={Object {}}
  totalRowCount={0}
/>
`;

exports[`Datafile search table component renders details panel correctly 1`] = `
<div>
  <WithStyles(ForwardRef(Typography))>
    <b>
      datafiles.name
      :
    </b>
     
    Test 1
  </WithStyles(ForwardRef(Typography))>
  <WithStyles(ForwardRef(Typography))>
    <b>
      datafiles.size
      :
    </b>
     
    1 B
  </WithStyles(ForwardRef(Typography))>
  <WithStyles(ForwardRef(Typography))>
    <b>
      datafiles.location
      :
    </b>
     
    /test1
  </WithStyles(ForwardRef(Typography))>
</div>
`;
