// Jest Snapshot v1, https://goo.gl/fbAQLP

exports[`Dataset table component renders Dataset title as a link 1`] = `
<a
  class="MuiTypography-root MuiTypography-inherit MuiLink-root MuiLink-underlineAlways css-1ps4owl-MuiTypography-root-MuiLink-root"
  href="/browse/investigation/2/dataset/1/datafile"
>
  Dataset test name
</a>
`;

exports[`Dataset table component renders correctly 1`] = `
Object {
  "allIds": Array [
    1,
  ],
  "columns": Array [
    Object {
      "cellContentRenderer": [Function],
      "dataKey": "name",
      "filterComponent": [Function],
      "label": "datasets.name",
    },
    Object {
      "cellContentRenderer": [Function],
      "dataKey": "datafileCount",
      "disableSort": true,
      "label": "datasets.datafile_count",
    },
    Object {
      "cellContentRenderer": [Function],
      "dataKey": "investigation.title",
      "filterComponent": [Function],
      "label": "datasets.investigation",
    },
    Object {
      "dataKey": "createTime",
      "filterComponent": [Function],
      "label": "datasets.create_time",
    },
    Object {
      "dataKey": "modTime",
      "filterComponent": [Function],
      "label": "datasets.modified_time",
    },
  ],
  "data": Array [
    Object {
      "createTime": "2019-07-23",
      "endDate": "2019-07-25",
      "id": 1,
      "investigation": Object {
        "doi": "doi 1",
        "endDate": "2019-06-11",
        "facility": Object {
          "id": 7,
          "name": "facility name",
        },
        "id": 2,
        "investigationInstruments": Array [
          Object {
            "id": 3,
            "instrument": Object {
              "id": 4,
              "name": "LARMOR",
            },
          },
        ],
        "name": "Investigation test name",
        "size": 1,
        "startDate": "2019-06-10",
        "studyInvestigations": Array [
          Object {
            "id": 5,
            "investigation": Object {
              "id": 2,
              "name": "Investigation test name",
              "title": "Investigation test title",
              "visitId": "1",
            },
            "study": Object {
              "createTime": "2019-06-10",
              "id": 6,
              "modTime": "2019-06-10",
              "name": "study name",
              "pid": "study pid",
            },
          },
        ],
        "summary": "foo bar",
        "title": "Investigation test title",
        "visitId": "1",
      },
      "modTime": "2019-07-23",
      "name": "Dataset test name",
      "size": 1,
      "startDate": "2019-07-24",
    },
  ],
  "detailsPanel": [Function],
  "disableSelectAll": false,
  "loadMoreRows": [Function],
  "loading": false,
  "onCheck": [MockFunction],
  "onSort": [Function],
  "onUncheck": [MockFunction],
  "selectedRows": Array [],
  "sort": Object {},
  "totalRowCount": 0,
}
`;
