// Jest Snapshot v1, https://goo.gl/fbAQLP

exports[`Download Status Table should render correctly 1`] = `
<DocumentFragment>
  <div
    class="MuiGrid-root MuiGrid-container MuiGrid-direction-xs-column css-1vpwcmr-MuiGrid-root"
  >
    <div
      class="MuiGrid-root MuiGrid-item MuiGrid-grid-xs-12 css-1idn90j-MuiGrid-root"
    >
      <span
        class="MuiLinearProgress-root MuiLinearProgress-colorSecondary MuiLinearProgress-indeterminate css-10jyip1-MuiLinearProgress-root"
        role="progressbar"
      >
        <span
          class="MuiLinearProgress-bar MuiLinearProgress-barColorSecondary MuiLinearProgress-bar1Indeterminate css-p53mz9-MuiLinearProgress-bar1"
        />
        <span
          class="MuiLinearProgress-bar MuiLinearProgress-barColorSecondary MuiLinearProgress-bar2Indeterminate css-xybj4j-MuiLinearProgress-bar2"
        />
      </span>
    </div>
    <div
      class="MuiGrid-root MuiGrid-item css-13i4rnv-MuiGrid-root"
    >
      <div
        class="MuiPaper-root MuiPaper-elevation MuiPaper-rounded MuiPaper-elevation1 css-28ifq3-MuiPaper-root"
      >
        <div
          style="overflow: visible; height: 0px; width: 0px;"
        >
          <div
            aria-colcount="5"
            aria-rowcount="0"
            class="ReactVirtualized__Table css-dbfe3s"
            role="grid"
          >
            <div
              class="ReactVirtualized__Table__headerRow"
              role="row"
              style="height: 148px; overflow: hidden; padding-right: 0px; width: 436px; display: flex; align-items: center; box-sizing: border-box;"
            >
              <div
                class="ReactVirtualized__Table__headerColumn tour-dataview-filter"
                role="columnheader"
                style="display: flex; flex-direction: row; box-sizing: border-box; overflow: hidden; flex: 1 1 256px; min-width: 84px;"
              >
                <div
                  class="MuiTableCell-root MuiTableCell-head MuiTableCell-sizeSmall css-auuqp9-MuiTableCell-root"
                >
                  <div
                    style="overflow: hidden; flex: 1;"
                  >
                    <div
                      class="MuiBox-root css-k008qs"
                    >
                      <div
                        class="MuiBox-root css-12z0wuy"
                      />
                      <div
                        class="MuiBox-root css-0"
                      >
                        <span
                          class="MuiButtonBase-root MuiTableSortLabel-root tour-dataview-sort css-1qgma8u-MuiButtonBase-root-MuiTableSortLabel-root"
                          role="button"
                          tabindex="0"
                        >
                          <p
                            class="MuiTypography-root MuiTypography-body1 MuiTypography-noWrap css-xw0cpc-MuiTypography-root"
                          >
                            downloadStatus.filename
                          </p>
                          <svg
                            aria-hidden="true"
                            class="MuiSvgIcon-root MuiSvgIcon-fontSizeMedium MuiTableSortLabel-icon MuiTableSortLabel-iconDirectionAsc css-1vweko9-MuiSvgIcon-root-MuiTableSortLabel-icon"
                            data-testid="ArrowDownwardIcon"
                            focusable="false"
                            viewBox="0 0 24 24"
                          >
                            <path
                              d="M20 12l-1.41-1.41L13 16.17V4h-2v12.17l-5.58-5.59L4 12l8 8 8-8z"
                            />
                          </svg>
                        </span>
                      </div>
                    </div>
                    <div>
                      <div
                        class="MuiFormControl-root MuiFormControl-marginDense MuiFormControl-fullWidth css-zevgu-MuiFormControl-root"
                        id="downloadStatus.filename-filter"
                      >
                        <label
                          class="MuiFormLabel-root MuiInputLabel-root MuiInputLabel-formControl MuiInputLabel-animated MuiInputLabel-standard MuiFormLabel-colorSecondary css-t7bnno-MuiFormLabel-root-MuiInputLabel-root"
                          data-shrink="false"
                          id="downloadStatus.filename-filter"
                        >
                          Include
                        </label>
                        <div
                          aria-hidden="true"
                          class="MuiInputBase-root MuiInput-root MuiInput-underline MuiInputBase-colorSecondary MuiInputBase-formControl MuiInputBase-adornedEnd css-89bi5l-MuiInputBase-root-MuiInput-root"
                        >
                          <input
                            aria-invalid="false"
                            aria-label="Filter by downloadStatus.filename"
                            class="MuiInputBase-input MuiInput-input MuiInputBase-inputAdornedEnd css-1x51dt5-MuiInputBase-input-MuiInput-input"
                            id="downloadStatus.filename-filter"
                            type="text"
                            value=""
                          />
                          <div
                            class="MuiInputAdornment-root MuiInputAdornment-positionEnd MuiInputAdornment-standard MuiInputAdornment-sizeMedium css-1laqsz7-MuiInputAdornment-root"
                          >
                            <div
                              class="MuiInputBase-root MuiInput-root MuiInput-underline MuiInputBase-colorPrimary  css-4u4t8f-MuiInputBase-root-MuiInput-root-MuiSelect-root"
                            >
                              <div
                                aria-expanded="false"
                                aria-haspopup="listbox"
                                aria-label="include or exclude"
                                aria-labelledby="downloadStatus.filename-select-filter-type"
                                class="MuiSelect-select MuiSelect-standard MuiInputBase-input MuiInput-input css-1rxz5jq-MuiSelect-select-MuiInputBase-input-MuiInput-input"
                                id="downloadStatus.filename-select-filter-type"
                                role="button"
                                tabindex="0"
                              >
                                <span
                                  class="notranslate"
                                >
                                  â€‹
                                </span>
                              </div>
                              <input
                                aria-hidden="true"
                                class="MuiSelect-nativeInput css-yf8vq0-MuiSelect-nativeInput"
                                tabindex="-1"
                                value="include"
                              />
                              <svg
                                aria-hidden="true"
                                class="MuiSvgIcon-root MuiSvgIcon-fontSizeMedium MuiSelect-icon MuiSelect-iconStandard css-pqjvzy-MuiSvgIcon-root-MuiSelect-icon"
                                data-testid="SettingsIcon"
                                focusable="false"
                                viewBox="0 0 24 24"
                              >
                                <path
                                  d="M19.14 12.94c.04-.3.06-.61.06-.94 0-.32-.02-.64-.07-.94l2.03-1.58c.18-.14.23-.41.12-.61l-1.92-3.32c-.12-.22-.37-.29-.59-.22l-2.39.96c-.5-.38-1.03-.7-1.62-.94l-.36-2.54c-.04-.24-.24-.41-.48-.41h-3.84c-.24 0-.43.17-.47.41l-.36 2.54c-.59.24-1.13.57-1.62.94l-2.39-.96c-.22-.08-.47 0-.59.22L2.74 8.87c-.12.21-.08.47.12.61l2.03 1.58c-.05.3-.09.63-.09.94s.02.64.07.94l-2.03 1.58c-.18.14-.23.41-.12.61l1.92 3.32c.12.22.37.29.59.22l2.39-.96c.5.38 1.03.7 1.62.94l.36 2.54c.05.24.24.41.48.41h3.84c.24 0 .44-.17.47-.41l.36-2.54c.59-.24 1.13-.56 1.62-.94l2.39.96c.22.08.47 0 .59-.22l1.92-3.32c.12-.22.07-.47-.12-.61l-2.01-1.58zM12 15.6c-1.98 0-3.6-1.62-3.6-3.6s1.62-3.6 3.6-3.6 3.6 1.62 3.6 3.6-1.62 3.6-3.6 3.6z"
                                />
                              </svg>
                            </div>
                          </div>
                        </div>
                      </div>
                    </div>
                  </div>
                  <div
                    class="react-draggable"
                    style="margin-left: 18px; padding-left: 4px; padding-right: 4px; cursor: col-resize; transform: translate(0px,0px);"
                  >
                    <hr
                      class="MuiDivider-root MuiDivider-fullWidth MuiDivider-vertical MuiDivider-flexItem css-1i1qbzr-MuiDivider-root"
                    />
                  </div>
                </div>
              </div>
              <div
                class="ReactVirtualized__Table__headerColumn tour-dataview-filter"
                role="columnheader"
                style="display: flex; flex-direction: row; box-sizing: border-box; overflow: hidden; flex: 1 1 256px; min-width: 84px;"
              >
                <div
                  class="MuiTableCell-root MuiTableCell-head MuiTableCell-sizeSmall css-auuqp9-MuiTableCell-root"
                >
                  <div
                    style="overflow: hidden; flex: 1;"
                  >
                    <div
                      class="MuiBox-root css-k008qs"
                    >
                      <div
                        class="MuiBox-root css-12z0wuy"
                      />
                      <div
                        class="MuiBox-root css-0"
                      >
                        <span
                          class="MuiButtonBase-root MuiTableSortLabel-root tour-dataview-sort css-1qgma8u-MuiButtonBase-root-MuiTableSortLabel-root"
                          role="button"
                          tabindex="0"
                        >
                          <p
                            class="MuiTypography-root MuiTypography-body1 MuiTypography-noWrap css-xw0cpc-MuiTypography-root"
                          >
                            downloadStatus.transport
                          </p>
                          <svg
                            aria-hidden="true"
                            class="MuiSvgIcon-root MuiSvgIcon-fontSizeMedium MuiTableSortLabel-icon MuiTableSortLabel-iconDirectionAsc css-1vweko9-MuiSvgIcon-root-MuiTableSortLabel-icon"
                            data-testid="ArrowDownwardIcon"
                            focusable="false"
                            viewBox="0 0 24 24"
                          >
                            <path
                              d="M20 12l-1.41-1.41L13 16.17V4h-2v12.17l-5.58-5.59L4 12l8 8 8-8z"
                            />
                          </svg>
                        </span>
                      </div>
                    </div>
                    <div>
                      <div
                        class="MuiFormControl-root MuiFormControl-marginDense MuiFormControl-fullWidth css-zevgu-MuiFormControl-root"
                        id="downloadStatus.transport-filter"
                      >
                        <label
                          class="MuiFormLabel-root MuiInputLabel-root MuiInputLabel-formControl MuiInputLabel-animated MuiInputLabel-standard MuiFormLabel-colorSecondary css-t7bnno-MuiFormLabel-root-MuiInputLabel-root"
                          data-shrink="false"
                          id="downloadStatus.transport-filter"
                        >
                          Include
                        </label>
                        <div
                          aria-hidden="true"
                          class="MuiInputBase-root MuiInput-root MuiInput-underline MuiInputBase-colorSecondary MuiInputBase-formControl MuiInputBase-adornedEnd css-89bi5l-MuiInputBase-root-MuiInput-root"
                        >
                          <input
                            aria-invalid="false"
                            aria-label="Filter by downloadStatus.transport"
                            class="MuiInputBase-input MuiInput-input MuiInputBase-inputAdornedEnd css-1x51dt5-MuiInputBase-input-MuiInput-input"
                            id="downloadStatus.transport-filter"
                            type="text"
                            value=""
                          />
                          <div
                            class="MuiInputAdornment-root MuiInputAdornment-positionEnd MuiInputAdornment-standard MuiInputAdornment-sizeMedium css-1laqsz7-MuiInputAdornment-root"
                          >
                            <div
                              class="MuiInputBase-root MuiInput-root MuiInput-underline MuiInputBase-colorPrimary  css-4u4t8f-MuiInputBase-root-MuiInput-root-MuiSelect-root"
                            >
                              <div
                                aria-expanded="false"
                                aria-haspopup="listbox"
                                aria-label="include or exclude"
                                aria-labelledby="downloadStatus.transport-select-filter-type"
                                class="MuiSelect-select MuiSelect-standard MuiInputBase-input MuiInput-input css-1rxz5jq-MuiSelect-select-MuiInputBase-input-MuiInput-input"
                                id="downloadStatus.transport-select-filter-type"
                                role="button"
                                tabindex="0"
                              >
                                <span
                                  class="notranslate"
                                >
                                  â€‹
                                </span>
                              </div>
                              <input
                                aria-hidden="true"
                                class="MuiSelect-nativeInput css-yf8vq0-MuiSelect-nativeInput"
                                tabindex="-1"
                                value="include"
                              />
                              <svg
                                aria-hidden="true"
                                class="MuiSvgIcon-root MuiSvgIcon-fontSizeMedium MuiSelect-icon MuiSelect-iconStandard css-pqjvzy-MuiSvgIcon-root-MuiSelect-icon"
                                data-testid="SettingsIcon"
                                focusable="false"
                                viewBox="0 0 24 24"
                              >
                                <path
                                  d="M19.14 12.94c.04-.3.06-.61.06-.94 0-.32-.02-.64-.07-.94l2.03-1.58c.18-.14.23-.41.12-.61l-1.92-3.32c-.12-.22-.37-.29-.59-.22l-2.39.96c-.5-.38-1.03-.7-1.62-.94l-.36-2.54c-.04-.24-.24-.41-.48-.41h-3.84c-.24 0-.43.17-.47.41l-.36 2.54c-.59.24-1.13.57-1.62.94l-2.39-.96c-.22-.08-.47 0-.59.22L2.74 8.87c-.12.21-.08.47.12.61l2.03 1.58c-.05.3-.09.63-.09.94s.02.64.07.94l-2.03 1.58c-.18.14-.23.41-.12.61l1.92 3.32c.12.22.37.29.59.22l2.39-.96c.5.38 1.03.7 1.62.94l.36 2.54c.05.24.24.41.48.41h3.84c.24 0 .44-.17.47-.41l.36-2.54c.59-.24 1.13-.56 1.62-.94l2.39.96c.22.08.47 0 .59-.22l1.92-3.32c.12-.22.07-.47-.12-.61l-2.01-1.58zM12 15.6c-1.98 0-3.6-1.62-3.6-3.6s1.62-3.6 3.6-3.6 3.6 1.62 3.6 3.6-1.62 3.6-3.6 3.6z"
                                />
                              </svg>
                            </div>
                          </div>
                        </div>
                      </div>
                    </div>
                  </div>
                  <div
                    class="react-draggable"
                    style="margin-left: 18px; padding-left: 4px; padding-right: 4px; cursor: col-resize; transform: translate(0px,0px);"
                  >
                    <hr
                      class="MuiDivider-root MuiDivider-fullWidth MuiDivider-vertical MuiDivider-flexItem css-1i1qbzr-MuiDivider-root"
                    />
                  </div>
                </div>
              </div>
              <div
                class="ReactVirtualized__Table__headerColumn tour-dataview-filter"
                role="columnheader"
                style="display: flex; flex-direction: row; box-sizing: border-box; overflow: hidden; flex: 1 1 256px; min-width: 84px;"
              >
                <div
                  class="MuiTableCell-root MuiTableCell-head MuiTableCell-sizeSmall css-auuqp9-MuiTableCell-root"
                >
                  <div
                    style="overflow: hidden; flex: 1;"
                  >
                    <div
                      class="MuiBox-root css-k008qs"
                    >
                      <div
                        class="MuiBox-root css-12z0wuy"
                      />
                      <div
                        class="MuiBox-root css-0"
                      >
                        <span
                          class="MuiButtonBase-root MuiTableSortLabel-root tour-dataview-sort css-1qgma8u-MuiButtonBase-root-MuiTableSortLabel-root"
                          role="button"
                          tabindex="0"
                        >
                          <p
                            class="MuiTypography-root MuiTypography-body1 MuiTypography-noWrap css-xw0cpc-MuiTypography-root"
                          >
                            downloadStatus.status
                          </p>
                          <svg
                            aria-hidden="true"
                            class="MuiSvgIcon-root MuiSvgIcon-fontSizeMedium MuiTableSortLabel-icon MuiTableSortLabel-iconDirectionAsc css-1vweko9-MuiSvgIcon-root-MuiTableSortLabel-icon"
                            data-testid="ArrowDownwardIcon"
                            focusable="false"
                            viewBox="0 0 24 24"
                          >
                            <path
                              d="M20 12l-1.41-1.41L13 16.17V4h-2v12.17l-5.58-5.59L4 12l8 8 8-8z"
                            />
                          </svg>
                        </span>
                      </div>
                    </div>
                    <div>
                      <div
                        class="MuiFormControl-root MuiFormControl-marginDense MuiFormControl-fullWidth css-zevgu-MuiFormControl-root"
                        id="downloadStatus.status-filter"
                      >
                        <label
                          class="MuiFormLabel-root MuiInputLabel-root MuiInputLabel-formControl MuiInputLabel-animated MuiInputLabel-standard MuiFormLabel-colorSecondary css-t7bnno-MuiFormLabel-root-MuiInputLabel-root"
                          data-shrink="false"
                          id="downloadStatus.status-filter"
                        >
                          Include
                        </label>
                        <div
                          aria-hidden="true"
                          class="MuiInputBase-root MuiInput-root MuiInput-underline MuiInputBase-colorSecondary MuiInputBase-formControl MuiInputBase-adornedEnd css-89bi5l-MuiInputBase-root-MuiInput-root"
                        >
                          <input
                            aria-invalid="false"
                            aria-label="Filter by downloadStatus.status"
                            class="MuiInputBase-input MuiInput-input MuiInputBase-inputAdornedEnd css-1x51dt5-MuiInputBase-input-MuiInput-input"
                            id="downloadStatus.status-filter"
                            type="text"
                            value=""
                          />
                          <div
                            class="MuiInputAdornment-root MuiInputAdornment-positionEnd MuiInputAdornment-standard MuiInputAdornment-sizeMedium css-1laqsz7-MuiInputAdornment-root"
                          >
                            <div
                              class="MuiInputBase-root MuiInput-root MuiInput-underline MuiInputBase-colorPrimary  css-4u4t8f-MuiInputBase-root-MuiInput-root-MuiSelect-root"
                            >
                              <div
                                aria-expanded="false"
                                aria-haspopup="listbox"
                                aria-label="include or exclude"
                                aria-labelledby="downloadStatus.status-select-filter-type"
                                class="MuiSelect-select MuiSelect-standard MuiInputBase-input MuiInput-input css-1rxz5jq-MuiSelect-select-MuiInputBase-input-MuiInput-input"
                                id="downloadStatus.status-select-filter-type"
                                role="button"
                                tabindex="0"
                              >
                                <span
                                  class="notranslate"
                                >
                                  â€‹
                                </span>
                              </div>
                              <input
                                aria-hidden="true"
                                class="MuiSelect-nativeInput css-yf8vq0-MuiSelect-nativeInput"
                                tabindex="-1"
                                value="include"
                              />
                              <svg
                                aria-hidden="true"
                                class="MuiSvgIcon-root MuiSvgIcon-fontSizeMedium MuiSelect-icon MuiSelect-iconStandard css-pqjvzy-MuiSvgIcon-root-MuiSelect-icon"
                                data-testid="SettingsIcon"
                                focusable="false"
                                viewBox="0 0 24 24"
                              >
                                <path
                                  d="M19.14 12.94c.04-.3.06-.61.06-.94 0-.32-.02-.64-.07-.94l2.03-1.58c.18-.14.23-.41.12-.61l-1.92-3.32c-.12-.22-.37-.29-.59-.22l-2.39.96c-.5-.38-1.03-.7-1.62-.94l-.36-2.54c-.04-.24-.24-.41-.48-.41h-3.84c-.24 0-.43.17-.47.41l-.36 2.54c-.59.24-1.13.57-1.62.94l-2.39-.96c-.22-.08-.47 0-.59.22L2.74 8.87c-.12.21-.08.47.12.61l2.03 1.58c-.05.3-.09.63-.09.94s.02.64.07.94l-2.03 1.58c-.18.14-.23.41-.12.61l1.92 3.32c.12.22.37.29.59.22l2.39-.96c.5.38 1.03.7 1.62.94l.36 2.54c.05.24.24.41.48.41h3.84c.24 0 .44-.17.47-.41l.36-2.54c.59-.24 1.13-.56 1.62-.94l2.39.96c.22.08.47 0 .59-.22l1.92-3.32c.12-.22.07-.47-.12-.61l-2.01-1.58zM12 15.6c-1.98 0-3.6-1.62-3.6-3.6s1.62-3.6 3.6-3.6 3.6 1.62 3.6 3.6-1.62 3.6-3.6 3.6z"
                                />
                              </svg>
                            </div>
                          </div>
                        </div>
                      </div>
                    </div>
                  </div>
                  <div
                    class="react-draggable"
                    style="margin-left: 18px; padding-left: 4px; padding-right: 4px; cursor: col-resize; transform: translate(0px,0px);"
                  >
                    <hr
                      class="MuiDivider-root MuiDivider-fullWidth MuiDivider-vertical MuiDivider-flexItem css-1i1qbzr-MuiDivider-root"
                    />
                  </div>
                </div>
              </div>
              <div
                class="ReactVirtualized__Table__headerColumn tour-dataview-filter"
                role="columnheader"
                style="display: flex; flex-direction: row; box-sizing: border-box; overflow: hidden; flex: 1 1 256px; min-width: 84px;"
              >
                <div
                  aria-sort="descending"
                  class="MuiTableCell-root MuiTableCell-head MuiTableCell-sizeSmall css-auuqp9-MuiTableCell-root"
                >
                  <div
                    style="overflow: hidden; flex: 1;"
                  >
                    <div
                      class="MuiBox-root css-k008qs"
                    >
                      <div
                        class="MuiBox-root css-12z0wuy"
                      />
                      <div
                        class="MuiBox-root css-0"
                      >
                        <span
                          class="MuiButtonBase-root MuiTableSortLabel-root Mui-active tour-dataview-sort css-1qgma8u-MuiButtonBase-root-MuiTableSortLabel-root"
                          role="button"
                          tabindex="0"
                        >
                          <p
                            class="MuiTypography-root MuiTypography-body1 MuiTypography-noWrap css-xw0cpc-MuiTypography-root"
                          >
                            downloadStatus.createdAt
                          </p>
                          <svg
                            aria-hidden="true"
                            class="MuiSvgIcon-root MuiSvgIcon-fontSizeMedium MuiTableSortLabel-icon MuiTableSortLabel-iconDirectionDesc css-3l415a-MuiSvgIcon-root-MuiTableSortLabel-icon"
                            data-testid="ArrowDownwardIcon"
                            focusable="false"
                            viewBox="0 0 24 24"
                          >
                            <path
                              d="M20 12l-1.41-1.41L13 16.17V4h-2v12.17l-5.58-5.59L4 12l8 8 8-8z"
                            />
                          </svg>
                        </span>
                      </div>
                    </div>
                    <form>
                      <div
                        class="MuiFormControl-root MuiTextField-root css-1u3bzj6-MuiFormControl-root-MuiTextField-root"
                      >
                        <div
                          class="MuiInputBase-root MuiInput-root MuiInput-underline MuiInputBase-colorPrimary MuiInputBase-formControl MuiInputBase-adornedEnd css-1ptx2yq-MuiInputBase-root-MuiInput-root"
                        >
                          <input
                            aria-invalid="false"
                            aria-label="downloadStatus.createdAt filter from"
                            class="MuiInputBase-input MuiInput-input MuiInputBase-inputAdornedEnd css-1x51dt5-MuiInputBase-input-MuiInput-input"
                            id="downloadStatus.createdAt filter from"
                            placeholder="From..."
                            type="tel"
                            value=""
                          />
                          <div
                            class="MuiInputAdornment-root MuiInputAdornment-positionEnd MuiInputAdornment-standard MuiInputAdornment-sizeMedium css-1laqsz7-MuiInputAdornment-root"
                          >
                            <button
                              aria-label="downloadStatus.createdAt filter from, date-time picker"
                              class="MuiButtonBase-root MuiIconButton-root MuiIconButton-edgeEnd MuiIconButton-sizeSmall css-1bkxqye-MuiButtonBase-root-MuiIconButton-root"
                              tabindex="0"
                              type="button"
                            >
                              <svg
                                aria-hidden="true"
                                class="MuiSvgIcon-root MuiSvgIcon-fontSizeMedium css-i4bv87-MuiSvgIcon-root"
                                data-testid="CalendarIcon"
                                focusable="false"
                                viewBox="0 0 24 24"
                              >
                                <path
                                  d="M17 12h-5v5h5v-5zM16 1v2H8V1H6v2H5c-1.11 0-1.99.9-1.99 2L3 19c0 1.1.89 2 2 2h14c1.1 0 2-.9 2-2V5c0-1.1-.9-2-2-2h-1V1h-2zm3 18H5V8h14v11z"
                                />
                              </svg>
                              <span
                                class="MuiTouchRipple-root css-8je8zh-MuiTouchRipple-root"
                              />
                            </button>
                          </div>
                        </div>
                      </div>
                      <div
                        class="MuiFormControl-root MuiTextField-root css-1u3bzj6-MuiFormControl-root-MuiTextField-root"
                      >
                        <div
                          class="MuiInputBase-root MuiInput-root MuiInput-underline MuiInputBase-colorPrimary MuiInputBase-formControl MuiInputBase-adornedEnd css-1ptx2yq-MuiInputBase-root-MuiInput-root"
                        >
                          <input
                            aria-invalid="false"
                            aria-label="downloadStatus.createdAt filter to"
                            class="MuiInputBase-input MuiInput-input MuiInputBase-inputAdornedEnd css-1x51dt5-MuiInputBase-input-MuiInput-input"
                            id="downloadStatus.createdAt filter to"
                            placeholder="To..."
                            type="tel"
                            value=""
                          />
                          <div
                            class="MuiInputAdornment-root MuiInputAdornment-positionEnd MuiInputAdornment-standard MuiInputAdornment-sizeMedium css-1laqsz7-MuiInputAdornment-root"
                          >
                            <button
                              aria-label="downloadStatus.createdAt filter to, date-time picker"
                              class="MuiButtonBase-root MuiIconButton-root MuiIconButton-edgeEnd MuiIconButton-sizeSmall css-1bkxqye-MuiButtonBase-root-MuiIconButton-root"
                              tabindex="0"
                              type="button"
                            >
                              <svg
                                aria-hidden="true"
                                class="MuiSvgIcon-root MuiSvgIcon-fontSizeMedium css-i4bv87-MuiSvgIcon-root"
                                data-testid="CalendarIcon"
                                focusable="false"
                                viewBox="0 0 24 24"
                              >
                                <path
                                  d="M17 12h-5v5h5v-5zM16 1v2H8V1H6v2H5c-1.11 0-1.99.9-1.99 2L3 19c0 1.1.89 2 2 2h14c1.1 0 2-.9 2-2V5c0-1.1-.9-2-2-2h-1V1h-2zm3 18H5V8h14v11z"
                                />
                              </svg>
                              <span
                                class="MuiTouchRipple-root css-8je8zh-MuiTouchRipple-root"
                              />
                            </button>
                          </div>
                        </div>
                      </div>
                    </form>
                  </div>
                  <div
                    class="react-draggable"
                    style="margin-left: 18px; padding-left: 4px; padding-right: 4px; cursor: col-resize; transform: translate(0px,0px);"
                  >
                    <hr
                      class="MuiDivider-root MuiDivider-fullWidth MuiDivider-vertical MuiDivider-flexItem css-1i1qbzr-MuiDivider-root"
                    />
                  </div>
                </div>
              </div>
              <div
                class="ReactVirtualized__Table__headerColumn"
                role="columnheader"
                style="display: flex; flex-direction: row; box-sizing: border-box; overflow: hidden; flex: 0 0 100px;"
              >
                <div
                  class="MuiTableCell-root MuiTableCell-head MuiTableCell-sizeSmall css-auuqp9-MuiTableCell-root"
                >
                  Actions
                </div>
              </div>
            </div>
            <div
              aria-label="grid"
              class="ReactVirtualized__Grid ReactVirtualized__Table__Grid"
              role="rowgroup"
              style="box-sizing: border-box; direction: ltr; height: 335px; position: relative; width: 436px; will-change: transform; overflow-x: hidden; overflow-y: hidden;"
              tabindex="-1"
            />
          </div>
        </div>
        <div
          class="resize-triggers"
        >
          <div
            class="expand-trigger"
          >
            <div
              style="width: 1px; height: 1px;"
            />
          </div>
          <div
            class="contract-trigger"
          />
        </div>
      </div>
    </div>
  </div>
</DocumentFragment>
`;
