// Jest Snapshot v1, https://goo.gl/fbAQLP

exports[`DLS Dataset table component renders Dataset title as a link 1`] = `
Array [
  <a
    class="MuiTypography-root MuiTypography-inherit MuiLink-root MuiLink-underlineAlways css-1ps4owl-MuiTypography-root-MuiLink-root"
    data-testid="dls-datasets-table-title"
    href="/browse/proposal/Proposal 1/investigation/1/dataset/1/datafile"
  >
    Test 1
  </a>,
]
`;

exports[`DLS Dataset table component renders correctly 1`] = `
Object {
  "allIds": Array [
    1,
  ],
  "columns": Array [
    Object {
      "cellContentRenderer": [Function],
      "dataKey": "name",
      "filterComponent": [Function],
      "icon": Object {
        "$$typeof": Symbol(react.memo),
        "compare": null,
        "type": Object {
          "$$typeof": Symbol(react.forward_ref),
          "render": [Function],
        },
      },
      "label": "datasets.name",
    },
    Object {
      "cellContentRenderer": [Function],
      "dataKey": "datafileCount",
      "disableSort": true,
      "icon": Object {
        "$$typeof": Symbol(react.memo),
        "compare": null,
        "type": Object {
          "$$typeof": Symbol(react.forward_ref),
          "render": [Function],
        },
      },
      "label": "datasets.datafile_count",
    },
    Object {
      "dataKey": "createTime",
      "defaultSort": "desc",
      "filterComponent": [Function],
      "icon": Object {
        "$$typeof": Symbol(react.memo),
        "compare": null,
        "type": Object {
          "$$typeof": Symbol(react.forward_ref),
          "render": [Function],
        },
      },
      "label": "datasets.create_time",
    },
    Object {
      "dataKey": "modTime",
      "filterComponent": [Function],
      "icon": Object {
        "$$typeof": Symbol(react.memo),
        "compare": null,
        "type": Object {
          "$$typeof": Symbol(react.forward_ref),
          "render": [Function],
        },
      },
      "label": "datasets.modified_time",
    },
  ],
  "data": Array [
    Object {
      "createTime": "2019-07-23",
      "id": 1,
      "modTime": "2019-07-23",
      "name": "Test 1",
      "size": 1,
    },
  ],
  "detailsPanel": [Function],
  "disableSelectAll": false,
  "loadMoreRows": [Function],
  "loading": false,
  "onCheck": [MockFunction],
  "onSort": [Function],
  "onUncheck": [MockFunction],
  "selectedRows": Array [],
  "sort": Object {
    "createTime": "desc",
  },
  "totalRowCount": 0,
}
`;
