// Jest Snapshot v1, https://goo.gl/fbAQLP

exports[`DLS Visits table component renders correctly 1`] = `
<WithStyles(VirtualizedTable)
  columns={
    Array [
      Object {
        "cellContentRenderer": [Function],
        "dataKey": "title",
        "filterComponent": [Function],
        "icon": <Memo />,
        "label": "investigations.title",
      },
      Object {
        "cellContentRenderer": [Function],
        "dataKey": "visitId",
        "filterComponent": [Function],
        "icon": <Memo />,
        "label": "investigations.visit_id",
      },
      Object {
        "dataKey": "datasetCount",
        "disableSort": true,
        "icon": <Memo />,
        "label": "investigations.dataset_count",
      },
      Object {
        "cellContentRenderer": [Function],
        "dataKey": "investigationInstruments.instrument.fullName",
        "filterComponent": [Function],
        "icon": <Memo />,
        "label": "investigations.instrument",
      },
      Object {
        "dataKey": "startDate",
        "filterComponent": [Function],
        "icon": <Memo />,
        "label": "investigations.start_date",
      },
      Object {
        "dataKey": "endDate",
        "filterComponent": [Function],
        "icon": <Memo />,
        "label": "investigations.end_date",
      },
    ]
  }
  data={
    Array [
      Object {
        "doi": "doi 1",
        "endDate": "2019-06-11",
        "id": 1,
        "investigationInstruments": Array [
          Object {
            "id": 1,
            "instrument": Object {
              "id": 3,
              "name": "LARMOR",
            },
          },
        ],
        "name": "Test 1",
        "size": 1,
        "startDate": "2019-06-10",
        "summary": "foo bar",
        "title": "Test 1",
        "visitId": "1",
      },
    ]
  }
  detailsPanel={[Function]}
  disableSelectAll={false}
  loadMoreRows={[Function]}
  loading={false}
  onSort={[Function]}
  sort={Object {}}
  totalRowCount={0}
/>
`;

exports[`DLS Visits table component renders details panel correctly and it sends off an FetchInvestigationDetails action 1`] = `
<div
  id="details-panel"
  style={
    Object {
      "minWidth": 0,
    }
  }
>
  <WithStyles(ForwardRef(Tabs))
    aria-label="investigations.details.tabs_label"
    onChange={[Function]}
    scrollButtons="auto"
    value="details"
    variant="scrollable"
  >
    <WithStyles(ForwardRef(Tab))
      aria-controls="visit-details-panel"
      id="visit-details-tab"
      label="investigations.details.label"
      value="details"
    />
  </WithStyles(ForwardRef(Tabs))>
  <div
    aria-labelledby="visit-details-tab"
    hidden={false}
    id="visit-details-panel"
    role="tabpanel"
  >
    <WithStyles(ForwardRef(Grid))
      className="makeStyles-root-169"
      container={true}
      direction="column"
    >
      <WithStyles(ForwardRef(Grid))
        item={true}
        xs={true}
      >
        <WithStyles(ForwardRef(Typography))
          variant="h6"
        >
          <b>
            Test 1
          </b>
        </WithStyles(ForwardRef(Typography))>
        <WithStyles(ForwardRef(Divider))
          className="makeStyles-divider-170"
        />
      </WithStyles(ForwardRef(Grid))>
      <WithStyles(ForwardRef(Grid))
        item={true}
        xs={true}
      >
        <WithStyles(ForwardRef(Typography))
          variant="overline"
        >
          investigations.details.title
        </WithStyles(ForwardRef(Typography))>
        <WithStyles(ForwardRef(Typography))>
          <b>
            Test 1
          </b>
        </WithStyles(ForwardRef(Typography))>
      </WithStyles(ForwardRef(Grid))>
      <WithStyles(ForwardRef(Grid))
        item={true}
        xs={true}
      >
        <WithStyles(ForwardRef(Typography))
          variant="overline"
        >
          investigations.details.visitId
        </WithStyles(ForwardRef(Typography))>
        <WithStyles(ForwardRef(Typography))>
          <b>
            1
          </b>
        </WithStyles(ForwardRef(Typography))>
      </WithStyles(ForwardRef(Grid))>
      <WithStyles(ForwardRef(Grid))
        item={true}
        xs={true}
      >
        <WithStyles(ForwardRef(Typography))
          variant="overline"
        >
          investigations.details.summary
        </WithStyles(ForwardRef(Typography))>
        <WithStyles(ForwardRef(Typography))>
          <b>
            foo bar
          </b>
        </WithStyles(ForwardRef(Typography))>
      </WithStyles(ForwardRef(Grid))>
      <WithStyles(ForwardRef(Grid))
        item={true}
        xs={true}
      >
        <WithStyles(ForwardRef(Typography))
          variant="overline"
        >
          investigations.details.start_date
        </WithStyles(ForwardRef(Typography))>
        <WithStyles(ForwardRef(Typography))>
          <b>
            2019-06-10
          </b>
        </WithStyles(ForwardRef(Typography))>
      </WithStyles(ForwardRef(Grid))>
      <WithStyles(ForwardRef(Grid))
        item={true}
        xs={true}
      >
        <WithStyles(ForwardRef(Typography))
          variant="overline"
        >
          investigations.details.end_date
        </WithStyles(ForwardRef(Typography))>
        <WithStyles(ForwardRef(Typography))>
          <b>
            2019-06-11
          </b>
        </WithStyles(ForwardRef(Typography))>
      </WithStyles(ForwardRef(Grid))>
      <WithStyles(ForwardRef(Grid))
        item={true}
        xs={true}
      >
        <WithStyles(ForwardRef(Typography))
          variant="overline"
        >
          investigations.details.size
        </WithStyles(ForwardRef(Typography))>
        <WithStyles(ForwardRef(Typography))>
          <b>
            1 B
          </b>
        </WithStyles(ForwardRef(Typography))>
      </WithStyles(ForwardRef(Grid))>
    </WithStyles(ForwardRef(Grid))>
  </div>
</div>
`;

exports[`DLS Visits table component renders title and visit ID as a links 1`] = `
<WithStyles(ForwardRef(Link))
  component={
    Object {
      "$$typeof": Symbol(react.forward_ref),
      "displayName": "Link",
      "propTypes": Object {
        "innerRef": [Function],
        "onClick": [Function],
        "replace": [Function],
        "target": [Function],
        "to": [Function],
      },
      "render": [Function],
    }
  }
  to="/browse/proposal/Test 1/investigation/1/dataset"
>
  <ForwardRef(Link)
    classes={
      Object {
        "button": "MuiLink-button",
        "focusVisible": "Mui-focusVisible",
        "root": "MuiLink-root",
        "underlineAlways": "MuiLink-underlineAlways",
        "underlineHover": "MuiLink-underlineHover",
        "underlineNone": "MuiLink-underlineNone",
      }
    }
    component={
      Object {
        "$$typeof": Symbol(react.forward_ref),
        "displayName": "Link",
        "propTypes": Object {
          "innerRef": [Function],
          "onClick": [Function],
          "replace": [Function],
          "target": [Function],
          "to": [Function],
        },
        "render": [Function],
      }
    }
    to="/browse/proposal/Test 1/investigation/1/dataset"
  >
    <WithStyles(ForwardRef(Typography))
      className="MuiLink-root MuiLink-underlineHover"
      color="primary"
      component={
        Object {
          "$$typeof": Symbol(react.forward_ref),
          "displayName": "Link",
          "propTypes": Object {
            "innerRef": [Function],
            "onClick": [Function],
            "replace": [Function],
            "target": [Function],
            "to": [Function],
          },
          "render": [Function],
        }
      }
      onBlur={[Function]}
      onFocus={[Function]}
      to="/browse/proposal/Test 1/investigation/1/dataset"
      variant="inherit"
    >
      <ForwardRef(Typography)
        className="MuiLink-root MuiLink-underlineHover"
        classes={
          Object {
            "alignCenter": "MuiTypography-alignCenter",
            "alignJustify": "MuiTypography-alignJustify",
            "alignLeft": "MuiTypography-alignLeft",
            "alignRight": "MuiTypography-alignRight",
            "body1": "MuiTypography-body1",
            "body2": "MuiTypography-body2",
            "button": "MuiTypography-button",
            "caption": "MuiTypography-caption",
            "colorError": "MuiTypography-colorError",
            "colorInherit": "MuiTypography-colorInherit",
            "colorPrimary": "MuiTypography-colorPrimary",
            "colorSecondary": "MuiTypography-colorSecondary",
            "colorTextPrimary": "MuiTypography-colorTextPrimary",
            "colorTextSecondary": "MuiTypography-colorTextSecondary",
            "displayBlock": "MuiTypography-displayBlock",
            "displayInline": "MuiTypography-displayInline",
            "gutterBottom": "MuiTypography-gutterBottom",
            "h1": "MuiTypography-h1",
            "h2": "MuiTypography-h2",
            "h3": "MuiTypography-h3",
            "h4": "MuiTypography-h4",
            "h5": "MuiTypography-h5",
            "h6": "MuiTypography-h6",
            "noWrap": "MuiTypography-noWrap",
            "overline": "MuiTypography-overline",
            "paragraph": "MuiTypography-paragraph",
            "root": "MuiTypography-root",
            "srOnly": "MuiTypography-srOnly",
            "subtitle1": "MuiTypography-subtitle1",
            "subtitle2": "MuiTypography-subtitle2",
          }
        }
        color="primary"
        component={
          Object {
            "$$typeof": Symbol(react.forward_ref),
            "displayName": "Link",
            "propTypes": Object {
              "innerRef": [Function],
              "onClick": [Function],
              "replace": [Function],
              "target": [Function],
              "to": [Function],
            },
            "render": [Function],
          }
        }
        onBlur={[Function]}
        onFocus={[Function]}
        to="/browse/proposal/Test 1/investigation/1/dataset"
        variant="inherit"
      >
        <Link
          className="MuiTypography-root MuiLink-root MuiLink-underlineHover MuiTypography-colorPrimary"
          onBlur={[Function]}
          onFocus={[Function]}
          to="/browse/proposal/Test 1/investigation/1/dataset"
        >
          <LinkAnchor
            className="MuiTypography-root MuiLink-root MuiLink-underlineHover MuiTypography-colorPrimary"
            href="/browse/proposal/Test 1/investigation/1/dataset"
            navigate={[Function]}
            onBlur={[Function]}
            onFocus={[Function]}
          >
            <a
              className="MuiTypography-root MuiLink-root MuiLink-underlineHover MuiTypography-colorPrimary"
              href="/browse/proposal/Test 1/investigation/1/dataset"
              onBlur={[Function]}
              onClick={[Function]}
              onFocus={[Function]}
            >
              Test 1
            </a>
          </LinkAnchor>
        </Link>
      </ForwardRef(Typography)>
    </WithStyles(ForwardRef(Typography))>
  </ForwardRef(Link)>
</WithStyles(ForwardRef(Link))>
`;

exports[`DLS Visits table component renders title and visit ID as a links 2`] = `
<WithStyles(ForwardRef(Link))
  component={
    Object {
      "$$typeof": Symbol(react.forward_ref),
      "displayName": "Link",
      "propTypes": Object {
        "innerRef": [Function],
        "onClick": [Function],
        "replace": [Function],
        "target": [Function],
        "to": [Function],
      },
      "render": [Function],
    }
  }
  to="/browse/proposal/Test 1/investigation/1/dataset"
>
  <ForwardRef(Link)
    classes={
      Object {
        "button": "MuiLink-button",
        "focusVisible": "Mui-focusVisible",
        "root": "MuiLink-root",
        "underlineAlways": "MuiLink-underlineAlways",
        "underlineHover": "MuiLink-underlineHover",
        "underlineNone": "MuiLink-underlineNone",
      }
    }
    component={
      Object {
        "$$typeof": Symbol(react.forward_ref),
        "displayName": "Link",
        "propTypes": Object {
          "innerRef": [Function],
          "onClick": [Function],
          "replace": [Function],
          "target": [Function],
          "to": [Function],
        },
        "render": [Function],
      }
    }
    to="/browse/proposal/Test 1/investigation/1/dataset"
  >
    <WithStyles(ForwardRef(Typography))
      className="MuiLink-root MuiLink-underlineHover"
      color="primary"
      component={
        Object {
          "$$typeof": Symbol(react.forward_ref),
          "displayName": "Link",
          "propTypes": Object {
            "innerRef": [Function],
            "onClick": [Function],
            "replace": [Function],
            "target": [Function],
            "to": [Function],
          },
          "render": [Function],
        }
      }
      onBlur={[Function]}
      onFocus={[Function]}
      to="/browse/proposal/Test 1/investigation/1/dataset"
      variant="inherit"
    >
      <ForwardRef(Typography)
        className="MuiLink-root MuiLink-underlineHover"
        classes={
          Object {
            "alignCenter": "MuiTypography-alignCenter",
            "alignJustify": "MuiTypography-alignJustify",
            "alignLeft": "MuiTypography-alignLeft",
            "alignRight": "MuiTypography-alignRight",
            "body1": "MuiTypography-body1",
            "body2": "MuiTypography-body2",
            "button": "MuiTypography-button",
            "caption": "MuiTypography-caption",
            "colorError": "MuiTypography-colorError",
            "colorInherit": "MuiTypography-colorInherit",
            "colorPrimary": "MuiTypography-colorPrimary",
            "colorSecondary": "MuiTypography-colorSecondary",
            "colorTextPrimary": "MuiTypography-colorTextPrimary",
            "colorTextSecondary": "MuiTypography-colorTextSecondary",
            "displayBlock": "MuiTypography-displayBlock",
            "displayInline": "MuiTypography-displayInline",
            "gutterBottom": "MuiTypography-gutterBottom",
            "h1": "MuiTypography-h1",
            "h2": "MuiTypography-h2",
            "h3": "MuiTypography-h3",
            "h4": "MuiTypography-h4",
            "h5": "MuiTypography-h5",
            "h6": "MuiTypography-h6",
            "noWrap": "MuiTypography-noWrap",
            "overline": "MuiTypography-overline",
            "paragraph": "MuiTypography-paragraph",
            "root": "MuiTypography-root",
            "srOnly": "MuiTypography-srOnly",
            "subtitle1": "MuiTypography-subtitle1",
            "subtitle2": "MuiTypography-subtitle2",
          }
        }
        color="primary"
        component={
          Object {
            "$$typeof": Symbol(react.forward_ref),
            "displayName": "Link",
            "propTypes": Object {
              "innerRef": [Function],
              "onClick": [Function],
              "replace": [Function],
              "target": [Function],
              "to": [Function],
            },
            "render": [Function],
          }
        }
        onBlur={[Function]}
        onFocus={[Function]}
        to="/browse/proposal/Test 1/investigation/1/dataset"
        variant="inherit"
      >
        <Link
          className="MuiTypography-root MuiLink-root MuiLink-underlineHover MuiTypography-colorPrimary"
          onBlur={[Function]}
          onFocus={[Function]}
          to="/browse/proposal/Test 1/investigation/1/dataset"
        >
          <LinkAnchor
            className="MuiTypography-root MuiLink-root MuiLink-underlineHover MuiTypography-colorPrimary"
            href="/browse/proposal/Test 1/investigation/1/dataset"
            navigate={[Function]}
            onBlur={[Function]}
            onFocus={[Function]}
          >
            <a
              className="MuiTypography-root MuiLink-root MuiLink-underlineHover MuiTypography-colorPrimary"
              href="/browse/proposal/Test 1/investigation/1/dataset"
              onBlur={[Function]}
              onClick={[Function]}
              onFocus={[Function]}
            >
              1
            </a>
          </LinkAnchor>
        </Link>
      </ForwardRef(Typography)>
    </WithStyles(ForwardRef(Typography))>
  </ForwardRef(Link)>
</WithStyles(ForwardRef(Link))>
`;
