// Jest Snapshot v1, https://goo.gl/fbAQLP

exports[`DLS Visits table component renders correctly 1`] = `
Object {
  "columns": Array [
    Object {
      "cellContentRenderer": [Function],
      "dataKey": "visitId",
      "filterComponent": [Function],
      "icon": Object {
        "$$typeof": Symbol(react.memo),
        "compare": null,
        "type": Object {
          "$$typeof": Symbol(react.forward_ref),
          "render": [Function],
        },
      },
      "label": "investigations.visit_id",
    },
    Object {
      "cellContentRenderer": [Function],
      "dataKey": "datasetCount",
      "disableSort": true,
      "icon": Object {
        "$$typeof": Symbol(react.memo),
        "compare": null,
        "type": Object {
          "$$typeof": Symbol(react.forward_ref),
          "render": [Function],
        },
      },
      "label": "investigations.dataset_count",
    },
    Object {
      "cellContentRenderer": [Function],
      "dataKey": "investigationInstruments.instrument.name",
      "filterComponent": [Function],
      "icon": Object {
        "$$typeof": Symbol(react.memo),
        "compare": null,
        "type": Object {
          "$$typeof": Symbol(react.forward_ref),
          "render": [Function],
        },
      },
      "label": "investigations.instrument",
    },
    Object {
      "dataKey": "startDate",
      "defaultSort": "desc",
      "filterComponent": [Function],
      "icon": Object {
        "$$typeof": Symbol(react.memo),
        "compare": null,
        "type": Object {
          "$$typeof": Symbol(react.forward_ref),
          "render": [Function],
        },
      },
      "label": "investigations.start_date",
    },
    Object {
      "dataKey": "endDate",
      "filterComponent": [Function],
      "icon": Object {
        "$$typeof": Symbol(react.memo),
        "compare": null,
        "type": Object {
          "$$typeof": Symbol(react.forward_ref),
          "render": [Function],
        },
      },
      "label": "investigations.end_date",
    },
  ],
  "data": Array [
    Object {
      "doi": "doi 1",
      "endDate": "2019-06-11",
      "id": 1,
      "investigationInstruments": Array [
        Object {
          "id": 1,
          "instrument": Object {
            "id": 3,
            "name": "LARMOR",
          },
        },
      ],
      "name": "Test 1",
      "size": 1,
      "startDate": "2019-06-10",
      "summary": "foo bar",
      "title": "Test 1",
      "visitId": "1",
    },
  ],
  "detailsPanel": [Function],
  "loadMoreRows": [Function],
  "onSort": [Function],
  "sort": Object {
    "startDate": "desc",
  },
  "totalRowCount": 1,
}
`;

exports[`DLS Visits table component renders visit ID as links 1`] = `
Array [
  <a
    class="MuiTypography-root MuiTypography-inherit MuiLink-root MuiLink-underlineAlways css-1ps4owl-MuiTypography-root-MuiLink-root"
    data-testid="dls-visits-table-visitId"
    href="/browse/proposal/Test 1/investigation/1/dataset"
  >
    1
  </a>,
]
`;
