// Jest Snapshot v1, https://goo.gl/fbAQLP

exports[`SelectionAlert renders correctly 1`] = `
<DocumentFragment>
  <div
    aria-label="selection-alert"
    class="MuiPaper-root MuiPaper-elevation MuiPaper-rounded MuiPaper-elevation1 css-1wxid5k-MuiPaper-root"
  >
    <div
      class="MuiGrid-root MuiGrid-container css-11lq3yg-MuiGrid-root"
    >
      <div
        class="MuiGrid-root MuiGrid-item css-prmyfw-MuiGrid-root"
      >
        <p
          aria-label="selection-alert-text"
          class="MuiTypography-root MuiTypography-body1 css-1sx1eu0-MuiTypography-root"
        >
          selec_alert.added
        </p>
         
        <button
          aria-label="selection-alert-link"
          style="font-family: arial, sans-serif; color: rgb(4, 0, 145); text-decoration: underline; cursor: pointer; font-size: 14px;"
        >
          selec_alert.link
        </button>
      </div>
      <div
        class="MuiGrid-root MuiGrid-item css-13i4rnv-MuiGrid-root"
      >
        <button
          aria-label="selection-alert-close"
          class="MuiButtonBase-root MuiIconButton-root MuiIconButton-colorInherit MuiIconButton-sizeSmall css-1e0d89p-MuiButtonBase-root-MuiIconButton-root"
          tabindex="0"
          type="button"
        >
          <svg
            aria-hidden="true"
            class="MuiSvgIcon-root MuiSvgIcon-fontSizeInherit css-1vooibu-MuiSvgIcon-root"
            data-testid="CloseIcon"
            focusable="false"
            viewBox="0 0 24 24"
          >
            <path
              d="M19 6.41 17.59 5 12 10.59 6.41 5 5 6.41 10.59 12 5 17.59 6.41 19 12 13.41 17.59 19 19 17.59 13.41 12z"
            />
          </svg>
          <span
            class="MuiTouchRipple-root css-8je8zh-MuiTouchRipple-root"
          />
        </button>
      </div>
    </div>
  </div>
</DocumentFragment>
`;
