// Jest Snapshot v1, https://goo.gl/fbAQLP

exports[`Generic cart button renders correctly 1`] = `
<ForwardRef(IconButton)
  aria-label="app.cart_arialabel"
  className="tour-dataview-cart-icon"
  onClick={[MockFunction]}
  sx={
    Object {
      "margin": "auto",
    }
  }
>
  <ForwardRef(Badge)
    badgeContent={null}
    color="primary"
  >
    <Memo(ForwardRef(ShoppingCartIcon)) />
  </ForwardRef(Badge)>
</ForwardRef(IconButton)>
`;
