// Jest Snapshot v1, https://goo.gl/fbAQLP

exports[`Card View renders correctly 1`] = `
<ForwardRef(Grid)
  alignItems="center"
  container={true}
  direction="column"
>
  <ForwardRef(Grid)
    alignItems="center"
    container={true}
    direction="row"
    item={true}
    justifyContent="center"
    xs={12}
  >
    <ForwardRef(Grid)
      alignItems="center"
      container={true}
      direction="row"
      item={true}
      justifyContent="space-around"
      padding={2}
      xs={12}
    >
      <ForwardRef(Grid)
        item={true}
      >
        <ForwardRef(Pagination)
          aria-label="pagination"
          className="tour-dataview-pagination"
          color="secondary"
          count={0}
          hideNextButton={true}
          hidePrevButton={true}
          onChange={[Function]}
          page={1}
          showFirstButton={true}
          showLastButton={true}
          size="large"
          sx={
            Object {
              "textAlign": "center",
            }
          }
        />
      </ForwardRef(Grid)>
    </ForwardRef(Grid)>
  </ForwardRef(Grid)>
  <ForwardRef(Grid)
    container={true}
    direction="row"
    item={true}
    justifyContent="center"
    padding={4}
    spacing={2}
  >
    <ForwardRef(Grid)
      item={true}
      md={3}
      xs={12}
    >
      <ForwardRef(Grid)
        alignItems="stretch"
        container={true}
        direction="column"
        item={true}
        justifyContent="flex-start"
        rowSpacing={4}
        sx={
          Object {
            "marginBottom": 0,
            "marginLeft": 0,
            "marginRight": 0,
          }
        }
        xs={12}
      >
        <ForwardRef(Grid)
          item={true}
          xs={true}
        >
          <ForwardRef(Paper)>
            <ForwardRef(Box)
              p={2}
            >
              <ForwardRef(Typography)
                variant="h5"
              >
                Sort By
              </ForwardRef(Typography)>
            </ForwardRef(Box)>
            <ForwardRef(Box)>
              <ForwardRef(List)
                aria-label="sort-by-list"
                className="tour-dataview-sort"
                component="nav"
              />
            </ForwardRef(Box)>
          </ForwardRef(Paper)>
        </ForwardRef(Grid)>
      </ForwardRef(Grid)>
    </ForwardRef(Grid)>
    <ForwardRef(Grid)
      item={true}
      md={9}
      xs={12}
    >
      <ForwardRef(List)
        sx={
          Object {
            "margin": 0,
            "padding": 0,
          }
        }
      >
        <ForwardRef(ListItem)
          alignItems="flex-start"
          key="0"
          sx={
            Object {
              "paddingRight": 0,
            }
          }
        >
          <EntityCard
            entity={
              Object {
                "facility": Object {
                  "id": 1,
                  "name": "1",
                },
                "id": 1,
                "name": "Test 1",
                "title": "Test 1",
                "type": Object {
                  "id": 1,
                  "name": "1",
                },
                "visitId": "1",
              }
            }
            title={
              Object {
                "dataKey": "title",
              }
            }
          />
        </ForwardRef(ListItem)>
        <ForwardRef(ListItem)
          alignItems="flex-start"
          key="1"
          sx={
            Object {
              "paddingRight": 0,
            }
          }
        >
          <EntityCard
            entity={
              Object {
                "facility": Object {
                  "id": 1,
                  "name": "1",
                },
                "id": 2,
                "name": "Test 2",
                "title": "Test 2",
                "type": Object {
                  "id": 1,
                  "name": "1",
                },
                "visitId": "2",
              }
            }
            title={
              Object {
                "dataKey": "title",
              }
            }
          />
        </ForwardRef(ListItem)>
        <ForwardRef(ListItem)
          alignItems="flex-start"
          key="2"
          sx={
            Object {
              "paddingRight": 0,
            }
          }
        >
          <EntityCard
            entity={
              Object {
                "facility": Object {
                  "id": 1,
                  "name": "1",
                },
                "id": 3,
                "name": "Test 3",
                "title": "Test 3",
                "type": Object {
                  "id": 1,
                  "name": "1",
                },
                "visitId": "3",
              }
            }
            title={
              Object {
                "dataKey": "title",
              }
            }
          />
        </ForwardRef(ListItem)>
      </ForwardRef(List)>
    </ForwardRef(Grid)>
  </ForwardRef(Grid)>
  <ForwardRef(Grid)
    item={true}
    sx={
      Object {
        "padding": "50px",
      }
    }
    xs={true}
  >
    <ForwardRef(Pagination)
      aria-label="pagination"
      className="tour-dataview-pagination"
      color="secondary"
      count={0}
      hideNextButton={true}
      hidePrevButton={true}
      onChange={[Function]}
      page={1}
      showFirstButton={true}
      showLastButton={true}
      size="large"
      sx={
        Object {
          "textAlign": "center",
        }
      }
    />
  </ForwardRef(Grid)>
</ForwardRef(Grid)>
`;
