// Jest Snapshot v1, https://goo.gl/fbAQLP

exports[`SearchPageContainer - Tests renders searchPageContainer correctly 1`] = `
<DocumentFragment>
  <a
    href="/search/data"
  >
    Search data
  </a>
</DocumentFragment>
`;
