// Jest Snapshot v1, https://goo.gl/fbAQLP

exports[`Dataset table component renders Dataset title as a link 1`] = `
<WithStyles(ForwardRef(Link))
  component={
    Object {
      "$$typeof": Symbol(react.forward_ref),
      "displayName": "Link",
      "propTypes": Object {
        "innerRef": [Function],
        "onClick": [Function],
        "replace": [Function],
        "target": [Function],
        "to": [Function],
      },
      "render": [Function],
    }
  }
  to="/browse/investigation/1/dataset/1/datafile"
>
  <ForwardRef(Link)
    classes={
      Object {
        "button": "MuiLink-button",
        "focusVisible": "Mui-focusVisible",
        "root": "MuiLink-root",
        "underlineAlways": "MuiLink-underlineAlways",
        "underlineHover": "MuiLink-underlineHover",
        "underlineNone": "MuiLink-underlineNone",
      }
    }
    component={
      Object {
        "$$typeof": Symbol(react.forward_ref),
        "displayName": "Link",
        "propTypes": Object {
          "innerRef": [Function],
          "onClick": [Function],
          "replace": [Function],
          "target": [Function],
          "to": [Function],
        },
        "render": [Function],
      }
    }
    to="/browse/investigation/1/dataset/1/datafile"
  >
    <WithStyles(ForwardRef(Typography))
      className="MuiLink-root MuiLink-underlineHover"
      color="primary"
      component={
        Object {
          "$$typeof": Symbol(react.forward_ref),
          "displayName": "Link",
          "propTypes": Object {
            "innerRef": [Function],
            "onClick": [Function],
            "replace": [Function],
            "target": [Function],
            "to": [Function],
          },
          "render": [Function],
        }
      }
      onBlur={[Function]}
      onFocus={[Function]}
      to="/browse/investigation/1/dataset/1/datafile"
      variant="inherit"
    >
      <ForwardRef(Typography)
        className="MuiLink-root MuiLink-underlineHover"
        classes={
          Object {
            "alignCenter": "MuiTypography-alignCenter",
            "alignJustify": "MuiTypography-alignJustify",
            "alignLeft": "MuiTypography-alignLeft",
            "alignRight": "MuiTypography-alignRight",
            "body1": "MuiTypography-body1",
            "body2": "MuiTypography-body2",
            "button": "MuiTypography-button",
            "caption": "MuiTypography-caption",
            "colorError": "MuiTypography-colorError",
            "colorInherit": "MuiTypography-colorInherit",
            "colorPrimary": "MuiTypography-colorPrimary",
            "colorSecondary": "MuiTypography-colorSecondary",
            "colorTextPrimary": "MuiTypography-colorTextPrimary",
            "colorTextSecondary": "MuiTypography-colorTextSecondary",
            "displayBlock": "MuiTypography-displayBlock",
            "displayInline": "MuiTypography-displayInline",
            "gutterBottom": "MuiTypography-gutterBottom",
            "h1": "MuiTypography-h1",
            "h2": "MuiTypography-h2",
            "h3": "MuiTypography-h3",
            "h4": "MuiTypography-h4",
            "h5": "MuiTypography-h5",
            "h6": "MuiTypography-h6",
            "noWrap": "MuiTypography-noWrap",
            "overline": "MuiTypography-overline",
            "paragraph": "MuiTypography-paragraph",
            "root": "MuiTypography-root",
            "srOnly": "MuiTypography-srOnly",
            "subtitle1": "MuiTypography-subtitle1",
            "subtitle2": "MuiTypography-subtitle2",
          }
        }
        color="primary"
        component={
          Object {
            "$$typeof": Symbol(react.forward_ref),
            "displayName": "Link",
            "propTypes": Object {
              "innerRef": [Function],
              "onClick": [Function],
              "replace": [Function],
              "target": [Function],
              "to": [Function],
            },
            "render": [Function],
          }
        }
        onBlur={[Function]}
        onFocus={[Function]}
        to="/browse/investigation/1/dataset/1/datafile"
        variant="inherit"
      >
        <Link
          className="MuiTypography-root MuiLink-root MuiLink-underlineHover MuiTypography-colorPrimary"
          onBlur={[Function]}
          onFocus={[Function]}
          to="/browse/investigation/1/dataset/1/datafile"
        >
          <LinkAnchor
            className="MuiTypography-root MuiLink-root MuiLink-underlineHover MuiTypography-colorPrimary"
            href="/browse/investigation/1/dataset/1/datafile"
            navigate={[Function]}
            onBlur={[Function]}
            onFocus={[Function]}
          >
            <a
              className="MuiTypography-root MuiLink-root MuiLink-underlineHover MuiTypography-colorPrimary"
              href="/browse/investigation/1/dataset/1/datafile"
              onBlur={[Function]}
              onClick={[Function]}
              onFocus={[Function]}
            >
              Test 1
            </a>
          </LinkAnchor>
        </Link>
      </ForwardRef(Typography)>
    </WithStyles(ForwardRef(Typography))>
  </ForwardRef(Link)>
</WithStyles(ForwardRef(Link))>
`;

exports[`Dataset table component renders correctly 1`] = `
Object {
  "allIds": Array [
    1,
  ],
  "classes": Object {
    "flexContainer": "VirtualizedTable-flexContainer-2",
    "headerFlexContainer": "VirtualizedTable-headerFlexContainer-3",
    "headerTableCell": "VirtualizedTable-headerTableCell-7",
    "table": "VirtualizedTable-table-1",
    "tableCell": "VirtualizedTable-tableCell-6",
    "tableRow": "VirtualizedTable-tableRow-4",
    "tableRowHover": "VirtualizedTable-tableRowHover-5",
  },
  "columns": Array [
    Object {
      "cellContentRenderer": [Function],
      "dataKey": "name",
      "filterComponent": [Function],
      "icon": Object {
        "$$typeof": Symbol(react.memo),
        "compare": null,
        "type": Object {
          "$$typeof": Symbol(react.forward_ref),
          "render": [Function],
        },
      },
      "label": "datasets.name",
    },
    Object {
      "cellContentRenderer": [Function],
      "dataKey": "datafileCount",
      "disableSort": true,
      "icon": Object {
        "$$typeof": Symbol(react.memo),
        "compare": null,
        "type": Object {
          "$$typeof": Symbol(react.forward_ref),
          "render": [Function],
        },
      },
      "label": "datasets.datafile_count",
    },
    Object {
      "dataKey": "createTime",
      "filterComponent": [Function],
      "icon": Object {
        "$$typeof": Symbol(react.memo),
        "compare": null,
        "type": Object {
          "$$typeof": Symbol(react.forward_ref),
          "render": [Function],
        },
      },
      "label": "datasets.create_time",
    },
    Object {
      "dataKey": "modTime",
      "filterComponent": [Function],
      "icon": Object {
        "$$typeof": Symbol(react.memo),
        "compare": null,
        "type": Object {
          "$$typeof": Symbol(react.forward_ref),
          "render": [Function],
        },
      },
      "label": "datasets.modified_time",
    },
  ],
  "data": Array [
    Object {
      "createTime": "2019-07-23",
      "id": 1,
      "modTime": "2019-07-23",
      "name": "Test 1",
      "size": 1,
    },
  ],
  "detailsPanel": [Function],
  "disableSelectAll": false,
  "loadMoreRows": [Function],
  "loading": false,
  "onCheck": [MockFunction],
  "onSort": [Function],
  "onUncheck": [MockFunction],
  "selectedRows": Array [],
  "sort": Object {},
  "totalRowCount": 0,
}
`;

exports[`Dataset table component renders details panel correctly 1`] = `
<div
  className="MuiGrid-root makeStyles-root-251 MuiGrid-container MuiGrid-direction-xs-column"
  id="details-panel"
>
  <WithStyles(ForwardRef(Grid))
    item={true}
    xs={true}
  >
    <WithStyles(ForwardRef(Typography))
      variant="h6"
    >
      <b>
        Test 1
      </b>
    </WithStyles(ForwardRef(Typography))>
    <WithStyles(ForwardRef(Divider))
      className="makeStyles-divider-252"
    />
  </WithStyles(ForwardRef(Grid))>
  <WithStyles(ForwardRef(Grid))
    item={true}
    xs={true}
  >
    <WithStyles(ForwardRef(Typography))
      variant="overline"
    >
      datasets.details.description
    </WithStyles(ForwardRef(Typography))>
    <WithStyles(ForwardRef(Typography))>
      <b>
        Test 1
      </b>
    </WithStyles(ForwardRef(Typography))>
  </WithStyles(ForwardRef(Grid))>
</div>
`;
