// Jest Snapshot v1, https://goo.gl/fbAQLP

exports[`Investigation table component renders correctly 1`] = `
Object {
  "allIds": Array [
    1,
  ],
  "columns": Array [
    Object {
      "cellContentRenderer": [Function],
      "dataKey": "title",
      "filterComponent": [Function],
      "icon": Object {
        "$$typeof": Symbol(react.memo),
        "compare": null,
        "type": Object {
          "$$typeof": Symbol(react.forward_ref),
          "render": [Function],
        },
      },
      "label": "investigations.title",
    },
    Object {
      "dataKey": "visitId",
      "filterComponent": [Function],
      "icon": Object {
        "$$typeof": Symbol(react.memo),
        "compare": null,
        "type": Object {
          "$$typeof": Symbol(react.forward_ref),
          "render": [Function],
        },
      },
      "label": "investigations.visit_id",
    },
    Object {
      "dataKey": "name",
      "disableSort": true,
      "filterComponent": [Function],
      "icon": Object {
        "$$typeof": Symbol(react.memo),
        "compare": null,
        "type": Object {
          "$$typeof": Symbol(react.forward_ref),
          "render": [Function],
        },
      },
      "label": "investigations.name",
    },
    Object {
      "cellContentRenderer": [Function],
      "dataKey": "doi",
      "filterComponent": [Function],
      "icon": Object {
        "$$typeof": Symbol(react.memo),
        "compare": null,
        "type": Object {
          "$$typeof": Symbol(react.forward_ref),
          "render": [Function],
        },
      },
      "label": "investigations.doi",
    },
    Object {
      "cellContentRenderer": [Function],
      "dataKey": "size",
      "disableSort": true,
      "icon": Object {
        "$$typeof": Symbol(react.memo),
        "compare": null,
        "type": Object {
          "$$typeof": Symbol(react.forward_ref),
          "render": [Function],
        },
      },
      "label": "investigations.size",
    },
    Object {
      "cellContentRenderer": [Function],
      "dataKey": "investigationInstruments.instrument.name",
      "filterComponent": [Function],
      "icon": Object {
        "$$typeof": Symbol(react.memo),
        "compare": null,
        "type": Object {
          "$$typeof": Symbol(react.forward_ref),
          "render": [Function],
        },
      },
      "label": "investigations.instrument",
    },
    Object {
      "cellContentRenderer": [Function],
      "dataKey": "startDate",
      "filterComponent": [Function],
      "icon": Object {
        "$$typeof": Symbol(react.memo),
        "compare": null,
        "type": Object {
          "$$typeof": Symbol(react.forward_ref),
          "render": [Function],
        },
      },
      "label": "investigations.start_date",
    },
    Object {
      "cellContentRenderer": [Function],
      "dataKey": "endDate",
      "filterComponent": [Function],
      "icon": Object {
        "$$typeof": Symbol(react.memo),
        "compare": null,
        "type": Object {
          "$$typeof": Symbol(react.forward_ref),
          "render": [Function],
        },
      },
      "label": "investigations.end_date",
    },
  ],
  "data": Array [
    Object {
      "doi": "doi 1",
      "endDate": "2019-07-24",
      "id": 1,
      "investigationInstruments": Array [
        Object {
          "id": 3,
          "instrument": Object {
            "id": 4,
            "name": "LARMOR",
          },
        },
      ],
      "name": "Test 1",
      "startDate": "2019-07-23",
      "title": "Test 1",
      "visitId": "1",
    },
  ],
  "detailsPanel": [Function],
  "disableSelectAll": false,
  "loadMoreRows": [Function],
  "loading": false,
  "onCheck": [MockFunction],
  "onSort": [Function],
  "onUncheck": [MockFunction],
  "selectedRows": Array [],
  "sort": Object {},
  "totalRowCount": 0,
}
`;

exports[`Investigation table component renders investigation title as a link 1`] = `
Array [
  <a
    class="MuiTypography-root MuiTypography-inherit MuiLink-root MuiLink-underlineAlways css-1ps4owl-MuiTypography-root-MuiLink-root"
    data-testid="investigation-table-title"
    href="/browse/investigation/1/dataset"
  >
    Test 1
  </a>,
]
`;
