// Jest Snapshot v1, https://goo.gl/fbAQLP

exports[`Dataset - Card View renders correctly 1`] = `
Object {
  "buttons": Array [
    [Function],
  ],
  "data": Array [
    Object {
      "createTime": "2019-07-23",
      "endDate": "2019-07-25",
      "id": 1,
      "investigation": Object {
        "doi": "doi 1",
        "endDate": "2019-06-11",
        "facility": Object {
          "id": 7,
          "name": "facility name",
        },
        "id": 2,
        "investigationInstruments": Array [
          Object {
            "id": 3,
            "instrument": Object {
              "id": 4,
              "name": "LARMOR",
            },
          },
        ],
        "name": "Investigation test name",
        "size": 1,
        "startDate": "2019-06-10",
        "studyInvestigations": Array [
          Object {
            "id": 5,
            "investigation": Object {
              "id": 2,
              "name": "Investigation test name",
              "title": "Investigation test title",
              "visitId": "1",
            },
            "study": Object {
              "createTime": "2019-06-10",
              "id": 6,
              "modTime": "2019-06-10",
              "name": "study name",
              "pid": "study pid",
            },
          },
        ],
        "summary": "foo bar",
        "title": "Investigation test title",
        "visitId": "1",
      },
      "modTime": "2019-07-23",
      "name": "Dataset test name",
      "size": 1,
      "startDate": "2019-07-24",
    },
  ],
  "description": Object {
    "dataKey": "description",
    "filterComponent": [Function],
    "label": "datasets.details.description",
  },
  "filters": Object {},
  "information": Array [
    Object {
      "content": [Function],
      "dataKey": "datafileCount",
      "disableSort": true,
      "icon": Object {
        "$$typeof": Symbol(react.memo),
        "compare": null,
        "type": Object {
          "$$typeof": Symbol(react.forward_ref),
          "render": [Function],
        },
      },
      "label": "datasets.datafile_count",
    },
    Object {
      "content": [Function],
      "dataKey": "investigation.title",
      "filterComponent": [Function],
      "icon": Object {
        "$$typeof": Symbol(react.memo),
        "compare": null,
        "type": Object {
          "$$typeof": Symbol(react.forward_ref),
          "render": [Function],
        },
      },
      "label": "datasets.investigation",
    },
    Object {
      "dataKey": "createTime",
      "filterComponent": [Function],
      "icon": Object {
        "$$typeof": Symbol(react.memo),
        "compare": null,
        "type": Object {
          "$$typeof": Symbol(react.forward_ref),
          "render": [Function],
        },
      },
      "label": "datasets.create_time",
    },
    Object {
      "dataKey": "modTime",
      "filterComponent": [Function],
      "icon": Object {
        "$$typeof": Symbol(react.memo),
        "compare": null,
        "type": Object {
          "$$typeof": Symbol(react.forward_ref),
          "render": [Function],
        },
      },
      "label": "datasets.modified_time",
    },
  ],
  "loadedCount": true,
  "loadedData": true,
  "onFilter": [Function],
  "onPageChange": [Function],
  "onResultsChange": [Function],
  "onSort": [Function],
  "page": null,
  "results": null,
  "sort": Object {},
  "title": Object {
    "content": [Function],
    "dataKey": "name",
    "filterComponent": [Function],
    "label": "datasets.name",
  },
  "totalDataCount": 1,
}
`;
