// Jest Snapshot v1, https://goo.gl/fbAQLP

exports[`Generic add to cart button renders correctly 1`] = `
<ContextProvider
  value={null}
>
  <AddToCartButton
    addToCart={[Function]}
    allIds={
      Array [
        1,
      ]
    }
    cartItems={Array []}
    entityId={1}
    entityType="investigation"
    removeFromCart={[Function]}
    store={
      Object {
        "clearActions": [Function],
        "dispatch": [Function],
        "getActions": [Function],
        "getState": [Function],
        "replaceReducer": [Function],
        "subscribe": [Function],
      }
    }
  />
</ContextProvider>
`;
